Archive member included to satisfy reference by file (symbol)

c:/st/stm32cubeide_1.3.0/stm32cubeide/plugins/com.st.stm32cube.ide.mcu.externaltools.gnu-tools-for-stm32.7-2018-q2-update.win32_1.0.0.201904181610/tools/bin/../lib/gcc/arm-none-eabi/7.3.1/../../../../arm-none-eabi/lib/thumb/v7e-m/fpv4-sp/hard\libstdc++.a(del_ops.o)
                              Core/Src/I2C.o (operator delete(void*, unsigned int))
c:/st/stm32cubeide_1.3.0/stm32cubeide/plugins/com.st.stm32cube.ide.mcu.externaltools.gnu-tools-for-stm32.7-2018-q2-update.win32_1.0.0.201904181610/tools/bin/../lib/gcc/arm-none-eabi/7.3.1/../../../../arm-none-eabi/lib/thumb/v7e-m/fpv4-sp/hard\libstdc++.a(new_op.o)
                              Core/Src/main.o (operator new(unsigned int))
c:/st/stm32cubeide_1.3.0/stm32cubeide/plugins/com.st.stm32cube.ide.mcu.externaltools.gnu-tools-for-stm32.7-2018-q2-update.win32_1.0.0.201904181610/tools/bin/../lib/gcc/arm-none-eabi/7.3.1/../../../../arm-none-eabi/lib/thumb/v7e-m/fpv4-sp/hard\libstdc++.a(new_handler.o)
                              c:/st/stm32cubeide_1.3.0/stm32cubeide/plugins/com.st.stm32cube.ide.mcu.externaltools.gnu-tools-for-stm32.7-2018-q2-update.win32_1.0.0.201904181610/tools/bin/../lib/gcc/arm-none-eabi/7.3.1/../../../../arm-none-eabi/lib/thumb/v7e-m/fpv4-sp/hard\libstdc++.a(new_op.o) (std::get_new_handler())
c:/st/stm32cubeide_1.3.0/stm32cubeide/plugins/com.st.stm32cube.ide.mcu.externaltools.gnu-tools-for-stm32.7-2018-q2-update.win32_1.0.0.201904181610/tools/bin/../lib/gcc/arm-none-eabi/7.3.1/../../../../arm-none-eabi/lib/thumb/v7e-m/fpv4-sp/hard\libstdc++.a(del_op.o)
                              c:/st/stm32cubeide_1.3.0/stm32cubeide/plugins/com.st.stm32cube.ide.mcu.externaltools.gnu-tools-for-stm32.7-2018-q2-update.win32_1.0.0.201904181610/tools/bin/../lib/gcc/arm-none-eabi/7.3.1/../../../../arm-none-eabi/lib/thumb/v7e-m/fpv4-sp/hard\libstdc++.a(del_ops.o) (operator delete(void*))
c:/st/stm32cubeide_1.3.0/stm32cubeide/plugins/com.st.stm32cube.ide.mcu.externaltools.gnu-tools-for-stm32.7-2018-q2-update.win32_1.0.0.201904181610/tools/bin/../lib/gcc/arm-none-eabi/7.3.1/../../../../arm-none-eabi/lib/thumb/v7e-m/fpv4-sp/hard\libstdc++.a(eh_alloc.o)
                              c:/st/stm32cubeide_1.3.0/stm32cubeide/plugins/com.st.stm32cube.ide.mcu.externaltools.gnu-tools-for-stm32.7-2018-q2-update.win32_1.0.0.201904181610/tools/bin/../lib/gcc/arm-none-eabi/7.3.1/../../../../arm-none-eabi/lib/thumb/v7e-m/fpv4-sp/hard\libstdc++.a(new_op.o) (__cxa_allocate_exception)
c:/st/stm32cubeide_1.3.0/stm32cubeide/plugins/com.st.stm32cube.ide.mcu.externaltools.gnu-tools-for-stm32.7-2018-q2-update.win32_1.0.0.201904181610/tools/bin/../lib/gcc/arm-none-eabi/7.3.1/../../../../arm-none-eabi/lib/thumb/v7e-m/fpv4-sp/hard\libstdc++.a(functional.o)
                              Core/Src/mcp4725.o (std::__throw_bad_function_call())
c:/st/stm32cubeide_1.3.0/stm32cubeide/plugins/com.st.stm32cube.ide.mcu.externaltools.gnu-tools-for-stm32.7-2018-q2-update.win32_1.0.0.201904181610/tools/bin/../lib/gcc/arm-none-eabi/7.3.1/../../../../arm-none-eabi/lib/thumb/v7e-m/fpv4-sp/hard\libstdc++.a(placeholders.o)
                              Core/Src/main.o (std::placeholders::_3)
c:/st/stm32cubeide_1.3.0/stm32cubeide/plugins/com.st.stm32cube.ide.mcu.externaltools.gnu-tools-for-stm32.7-2018-q2-update.win32_1.0.0.201904181610/tools/bin/../lib/gcc/arm-none-eabi/7.3.1/../../../../arm-none-eabi/lib/thumb/v7e-m/fpv4-sp/hard\libstdc++.a(eh_exception.o)
                              c:/st/stm32cubeide_1.3.0/stm32cubeide/plugins/com.st.stm32cube.ide.mcu.externaltools.gnu-tools-for-stm32.7-2018-q2-update.win32_1.0.0.201904181610/tools/bin/../lib/gcc/arm-none-eabi/7.3.1/../../../../arm-none-eabi/lib/thumb/v7e-m/fpv4-sp/hard\libstdc++.a(functional.o) (std::exception::~exception())
c:/st/stm32cubeide_1.3.0/stm32cubeide/plugins/com.st.stm32cube.ide.mcu.externaltools.gnu-tools-for-stm32.7-2018-q2-update.win32_1.0.0.201904181610/tools/bin/../lib/gcc/arm-none-eabi/7.3.1/../../../../arm-none-eabi/lib/thumb/v7e-m/fpv4-sp/hard\libstdc++.a(bad_alloc.o)
                              c:/st/stm32cubeide_1.3.0/stm32cubeide/plugins/com.st.stm32cube.ide.mcu.externaltools.gnu-tools-for-stm32.7-2018-q2-update.win32_1.0.0.201904181610/tools/bin/../lib/gcc/arm-none-eabi/7.3.1/../../../../arm-none-eabi/lib/thumb/v7e-m/fpv4-sp/hard\libstdc++.a(new_op.o) (std::bad_alloc::~bad_alloc())
c:/st/stm32cubeide_1.3.0/stm32cubeide/plugins/com.st.stm32cube.ide.mcu.externaltools.gnu-tools-for-stm32.7-2018-q2-update.win32_1.0.0.201904181610/tools/bin/../lib/gcc/arm-none-eabi/7.3.1/../../../../arm-none-eabi/lib/thumb/v7e-m/fpv4-sp/hard\libstdc++.a(pure.o)
                              c:/st/stm32cubeide_1.3.0/stm32cubeide/plugins/com.st.stm32cube.ide.mcu.externaltools.gnu-tools-for-stm32.7-2018-q2-update.win32_1.0.0.201904181610/tools/bin/../lib/gcc/arm-none-eabi/7.3.1/../../../../arm-none-eabi/lib/thumb/v7e-m/fpv4-sp/hard\libstdc++.a(eh_exception.o) (__cxa_pure_virtual)
[...]
Memory Configuration

Name             Origin             Length             Attributes
RAM              0x0000000020000000 0x0000000000020000 xrw
FLASH            0x0000000008000000 0x0000000000080000 xr
*default*        0x0000000000000000 0xffffffffffffffff

Linker script and memory map

LOAD c:/st/stm32cubeide_1.3.0/stm32cubeide/plugins/com.st.stm32cube.ide.mcu.externaltools.gnu-tools-for-stm32.7-2018-q2-update.win32_1.0.0.201904181610/tools/bin/../lib/gcc/arm-none-eabi/7.3.1/thumb/v7e-m/fpv4-sp/hard/crti.o
LOAD c:/st/stm32cubeide_1.3.0/stm32cubeide/plugins/com.st.stm32cube.ide.mcu.externaltools.gnu-tools-for-stm32.7-2018-q2-update.win32_1.0.0.201904181610/tools/bin/../lib/gcc/arm-none-eabi/7.3.1/thumb/v7e-m/fpv4-sp/hard/crtbegin.o
LOAD c:/st/stm32cubeide_1.3.0/stm32cubeide/plugins/com.st.stm32cube.ide.mcu.externaltools.gnu-tools-for-stm32.7-2018-q2-update.win32_1.0.0.201904181610/tools/bin/../lib/gcc/arm-none-eabi/7.3.1/../../../../arm-none-eabi/lib/thumb/v7e-m/fpv4-sp/hard/crt0.o
LOAD Core/Src/I2C.o
LOAD Core/Src/main.o
LOAD Core/Src/mcp4725.o
LOAD Core/Src/stm32f4xx_hal_msp.o
LOAD Core/Src/stm32f4xx_it.o
LOAD Core/Src/syscalls.o
LOAD Core/Src/sysmem.o
LOAD Core/Src/system_stm32f4xx.o
LOAD Core/Startup/startup_stm32f411retx.o
LOAD Drivers/STM32F4xx_HAL_Driver/Src/stm32f4xx_hal.o
LOAD Drivers/STM32F4xx_HAL_Driver/Src/stm32f4xx_hal_cortex.o
LOAD Drivers/STM32F4xx_HAL_Driver/Src/stm32f4xx_hal_dma.o
LOAD Drivers/STM32F4xx_HAL_Driver/Src/stm32f4xx_hal_dma_ex.o
LOAD Drivers/STM32F4xx_HAL_Driver/Src/stm32f4xx_hal_exti.o
LOAD Drivers/STM32F4xx_HAL_Driver/Src/stm32f4xx_hal_flash.o
LOAD Drivers/STM32F4xx_HAL_Driver/Src/stm32f4xx_hal_flash_ex.o
LOAD Drivers/STM32F4xx_HAL_Driver/Src/stm32f4xx_hal_flash_ramfunc.o
LOAD Drivers/STM32F4xx_HAL_Driver/Src/stm32f4xx_hal_gpio.o
LOAD Drivers/STM32F4xx_HAL_Driver/Src/stm32f4xx_hal_i2c.o
LOAD Drivers/STM32F4xx_HAL_Driver/Src/stm32f4xx_hal_i2c_ex.o
LOAD Drivers/STM32F4xx_HAL_Driver/Src/stm32f4xx_hal_pwr.o
LOAD Drivers/STM32F4xx_HAL_Driver/Src/stm32f4xx_hal_pwr_ex.o
LOAD Drivers/STM32F4xx_HAL_Driver/Src/stm32f4xx_hal_rcc.o
LOAD Drivers/STM32F4xx_HAL_Driver/Src/stm32f4xx_hal_rcc_ex.o
LOAD Drivers/STM32F4xx_HAL_Driver/Src/stm32f4xx_hal_tim.o
LOAD Drivers/STM32F4xx_HAL_Driver/Src/stm32f4xx_hal_tim_ex.o
LOAD Drivers/STM32F4xx_HAL_Driver/Src/stm32f4xx_hal_uart.o
START GROUP
LOAD c:/st/stm32cubeide_1.3.0/stm32cubeide/plugins/com.st.stm32cube.ide.mcu.externaltools.gnu-tools-for-stm32.7-2018-q2-update.win32_1.0.0.201904181610/tools/bin/../lib/gcc/arm-none-eabi/7.3.1/../../../../arm-none-eabi/lib/thumb/v7e-m/fpv4-sp/hard\libstdc++.a
LOAD c:/st/stm32cubeide_1.3.0/stm32cubeide/plugins/com.st.stm32cube.ide.mcu.externaltools.gnu-tools-for-stm32.7-2018-q2-update.win32_1.0.0.201904181610/tools/bin/../lib/gcc/arm-none-eabi/7.3.1/../../../../arm-none-eabi/lib/thumb/v7e-m/fpv4-sp/hard\libsupc++.a
END GROUP
LOAD c:/st/stm32cubeide_1.3.0/stm32cubeide/plugins/com.st.stm32cube.ide.mcu.externaltools.gnu-tools-for-stm32.7-2018-q2-update.win32_1.0.0.201904181610/tools/bin/../lib/gcc/arm-none-eabi/7.3.1/../../../../arm-none-eabi/lib/thumb/v7e-m/fpv4-sp/hard\libstdc++.a
LOAD c:/st/stm32cubeide_1.3.0/stm32cubeide/plugins/com.st.stm32cube.ide.mcu.externaltools.gnu-tools-for-stm32.7-2018-q2-update.win32_1.0.0.201904181610/tools/bin/../lib/gcc/arm-none-eabi/7.3.1/../../../../arm-none-eabi/lib/thumb/v7e-m/fpv4-sp/hard\libm.a
LOAD c:/st/stm32cubeide_1.3.0/stm32cubeide/plugins/com.st.stm32cube.ide.mcu.externaltools.gnu-tools-for-stm32.7-2018-q2-update.win32_1.0.0.201904181610/tools/bin/../lib/gcc/arm-none-eabi/7.3.1/../../../../arm-none-eabi/lib/thumb/v7e-m/fpv4-sp/hard\libc.a
START GROUP
LOAD c:/st/stm32cubeide_1.3.0/stm32cubeide/plugins/com.st.stm32cube.ide.mcu.externaltools.gnu-tools-for-stm32.7-2018-q2-update.win32_1.0.0.201904181610/tools/bin/../lib/gcc/arm-none-eabi/7.3.1/thumb/v7e-m/fpv4-sp/hard\libgcc.a
LOAD c:/st/stm32cubeide_1.3.0/stm32cubeide/plugins/com.st.stm32cube.ide.mcu.externaltools.gnu-tools-for-stm32.7-2018-q2-update.win32_1.0.0.201904181610/tools/bin/../lib/gcc/arm-none-eabi/7.3.1/../../../../arm-none-eabi/lib/thumb/v7e-m/fpv4-sp/hard\libc.a
END GROUP
START GROUP
LOAD c:/st/stm32cubeide_1.3.0/stm32cubeide/plugins/com.st.stm32cube.ide.mcu.externaltools.gnu-tools-for-stm32.7-2018-q2-update.win32_1.0.0.201904181610/tools/bin/../lib/gcc/arm-none-eabi/7.3.1/thumb/v7e-m/fpv4-sp/hard\libgcc.a
LOAD c:/st/stm32cubeide_1.3.0/stm32cubeide/plugins/com.st.stm32cube.ide.mcu.externaltools.gnu-tools-for-stm32.7-2018-q2-update.win32_1.0.0.201904181610/tools/bin/../lib/gcc/arm-none-eabi/7.3.1/../../../../arm-none-eabi/lib/thumb/v7e-m/fpv4-sp/hard\libc.a
LOAD c:/st/stm32cubeide_1.3.0/stm32cubeide/plugins/com.st.stm32cube.ide.mcu.externaltools.gnu-tools-for-stm32.7-2018-q2-update.win32_1.0.0.201904181610/tools/bin/../lib/gcc/arm-none-eabi/7.3.1/../../../../arm-none-eabi/lib/thumb/v7e-m/fpv4-sp/hard\libnosys.a
END GROUP
LOAD c:/st/stm32cubeide_1.3.0/stm32cubeide/plugins/com.st.stm32cube.ide.mcu.externaltools.gnu-tools-for-stm32.7-2018-q2-update.win32_1.0.0.201904181610/tools/bin/../lib/gcc/arm-none-eabi/7.3.1/thumb/v7e-m/fpv4-sp/hard/crtend.o
LOAD c:/st/stm32cubeide_1.3.0/stm32cubeide/plugins/com.st.stm32cube.ide.mcu.externaltools.gnu-tools-for-stm32.7-2018-q2-update.win32_1.0.0.201904181610/tools/bin/../lib/gcc/arm-none-eabi/7.3.1/thumb/v7e-m/fpv4-sp/hard/crtn.o
                0x0000000020020000                _estack = (ORIGIN (RAM) + LENGTH (RAM))
                0x0000000000000200                _Min_Heap_Size = 0x200
                0x0000000000000400                _Min_Stack_Size = 0x400

.isr_vector     0x0000000008000000      0x198
                0x0000000008000000                . = ALIGN (0x4)
 *(.isr_vector)
 .isr_vector    0x0000000008000000      0x198 Core/Startup/startup_stm32f411retx.o
                0x0000000008000000                g_pfnVectors
                0x0000000008000198                . = ALIGN (0x4)

.text           0x00000000080001a0    0x1114c
                0x00000000080001a0                . = ALIGN (0x4)
 *(.text)
 .text          0x00000000080001a0       0x40 c:/st/stm32cubeide_1.3.0/stm32cubeide/plugins/com.st.stm32cube.ide.mcu.externaltools.gnu-tools-for-stm32.7-2018-q2-update.win32_1.0.0.201904181610/tools/bin/../lib/gcc/arm-none-eabi/7.3.1/thumb/v7e-m/fpv4-sp/hard/crtbegin.o
 .text          0x00000000080001e0     0x6adc c:/st/stm32cubeide_1.3.0/stm32cubeide/plugins/com.st.stm32cube.ide.mcu.externaltools.gnu-tools-for-stm32.7-2018-q2-update.win32_1.0.0.201904181610/tools/bin/../lib/gcc/arm-none-eabi/7.3.1/../../../../arm-none-eabi/lib/thumb/v7e-m/fpv4-sp/hard\libstdc++.a(cp-demangle.o)
                0x0000000008006bd0                __cxa_demangle
                0x0000000008006c98                __gcclibcxx_demangle_callback
 *fill*         0x0000000008006cbc        0x4 
 .text          0x0000000008006cc0       0xa0 c:/st/stm32cubeide_1.3.0/stm32cubeide/plugins/com.st.stm32cube.ide.mcu.externaltools.gnu-tools-for-stm32.7-2018-q2-update.win32_1.0.0.201904181610/tools/bin/../lib/gcc/arm-none-eabi/7.3.1/../../../../arm-none-eabi/lib/thumb/v7e-m/fpv4-sp/hard\libc.a(lib_a-memchr.o)
                0x0000000008006cc0                memchr
 .text          0x0000000008006d60       0x14 c:/st/stm32cubeide_1.3.0/stm32cubeide/plugins/com.st.stm32cube.ide.mcu.externaltools.gnu-tools-for-stm32.7-2018-q2-update.win32_1.0.0.201904181610/tools/bin/../lib/gcc/arm-none-eabi/7.3.1/../../../../arm-none-eabi/lib/thumb/v7e-m/fpv4-sp/hard\libc.a(lib_a-strcmp.o)
                0x0000000008006d60                strcmp
 .text          0x0000000008006d74       0x10 c:/st/stm32cubeide_1.3.0/stm32cubeide/plugins/com.st.stm32cube.ide.mcu.externaltools.gnu-tools-for-stm32.7-2018-q2-update.win32_1.0.0.201904181610/tools/bin/../lib/gcc/arm-none-eabi/7.3.1/../../../../arm-none-eabi/lib/thumb/v7e-m/fpv4-sp/hard\libc.a(lib_a-strlen.o)
                0x0000000008006d74                strlen
 .text          0x0000000008006d84      0x378 c:/st/stm32cubeide_1.3.0/stm32cubeide/plugins/com.st.stm32cube.ide.mcu.externaltools.gnu-tools-for-stm32.7-2018-q2-update.win32_1.0.0.201904181610/tools/bin/../lib/gcc/arm-none-eabi/7.3.1/thumb/v7e-m/fpv4-sp/hard\libgcc.a(_arm_addsubdf3.o)
                0x0000000008006d84                __aeabi_drsub
                0x0000000008006d8c                __aeabi_dsub
                0x0000000008006d8c                __subdf3
                0x0000000008006d90                __aeabi_dadd
                0x0000000008006d90                __adddf3
                0x0000000008007008                __floatunsidf
                0x0000000008007008                __aeabi_ui2d
                0x0000000008007028                __floatsidf
                0x0000000008007028                __aeabi_i2d
                0x000000000800704c                __aeabi_f2d
                0x000000000800704c                __extendsfdf2
                0x0000000008007090                __floatundidf
                0x0000000008007090                __aeabi_ul2d
                0x00000000080070a0                __floatdidf
                0x00000000080070a0                __aeabi_l2d
 .text          0x00000000080070fc      0x424 c:/st/stm32cubeide_1.3.0/stm32cubeide/plugins/com.st.stm32cube.ide.mcu.externaltools.gnu-tools-for-stm32.7-2018-q2-update.win32_1.0.0.201904181610/tools/bin/../lib/gcc/arm-none-eabi/7.3.1/thumb/v7e-m/fpv4-sp/hard\libgcc.a(_arm_muldivdf3.o)
                0x00000000080070fc                __aeabi_dmul
                0x00000000080070fc                __muldf3
                0x0000000008007350                __divdf3
                0x0000000008007350                __aeabi_ddiv
 .text          0x0000000008007520      0x110 c:/st/stm32cubeide_1.3.0/stm32cubeide/plugins/com.st.stm32cube.ide.mcu.externaltools.gnu-tools-for-stm32.7-2018-q2-update.win32_1.0.0.201904181610/tools/bin/../lib/gcc/arm-none-eabi/7.3.1/thumb/v7e-m/fpv4-sp/hard\libgcc.a(_arm_cmpdf2.o)
                0x0000000008007520                __gtdf2
                0x0000000008007520                __gedf2
                0x0000000008007528                __ltdf2
                0x0000000008007528                __ledf2
                0x0000000008007530                __nedf2
                0x0000000008007530                __eqdf2
                0x0000000008007530                __cmpdf2
                0x00000000080075ac                __aeabi_cdrcmple
                0x00000000080075bc                __aeabi_cdcmpeq
                0x00000000080075bc                __aeabi_cdcmple
                0x00000000080075cc                __aeabi_dcmpeq
                0x00000000080075e0                __aeabi_dcmplt
                0x00000000080075f4                __aeabi_dcmple
                0x0000000008007608                __aeabi_dcmpge
                0x000000000800761c                __aeabi_dcmpgt
 .text          0x0000000008007630       0x2c c:/st/stm32cubeide_1.3.0/stm32cubeide/plugins/com.st.stm32cube.ide.mcu.externaltools.gnu-tools-for-stm32.7-2018-q2-update.win32_1.0.0.201904181610/tools/bin/../lib/gcc/arm-none-eabi/7.3.1/thumb/v7e-m/fpv4-sp/hard\libgcc.a(_arm_unorddf2.o)
                0x0000000008007630                __unorddf2
                0x0000000008007630                __aeabi_dcmpun
 .text          0x000000000800765c       0x50 c:/st/stm32cubeide_1.3.0/stm32cubeide/plugins/com.st.stm32cube.ide.mcu.externaltools.gnu-tools-for-stm32.7-2018-q2-update.win32_1.0.0.201904181610/tools/bin/../lib/gcc/arm-none-eabi/7.3.1/thumb/v7e-m/fpv4-sp/hard\libgcc.a(_arm_fixdfsi.o)
                0x000000000800765c                __aeabi_d2iz
                0x000000000800765c                __fixdfsi
 .text          0x00000000080076ac       0x30 c:/st/stm32cubeide_1.3.0/stm32cubeide/plugins/com.st.stm32cube.ide.mcu.externaltools.gnu-tools-for-stm32.7-2018-q2-update.win32_1.0.0.201904181610/tools/bin/../lib/gcc/arm-none-eabi/7.3.1/thumb/v7e-m/fpv4-sp/hard\libgcc.a(_aeabi_uldivmod.o)
                0x00000000080076ac                __aeabi_uldivmod
 .text          0x00000000080076dc      0x2cc c:/st/stm32cubeide_1.3.0/stm32cubeide/plugins/com.st.stm32cube.ide.mcu.externaltools.gnu-tools-for-stm32.7-2018-q2-update.win32_1.0.0.201904181610/tools/bin/../lib/gcc/arm-none-eabi/7.3.1/thumb/v7e-m/fpv4-sp/hard\libgcc.a(_udivmoddi4.o)
                0x00000000080076dc                __udivmoddi4
 .text          0x00000000080079a8      0x9ec c:/st/stm32cubeide_1.3.0/stm32cubeide/plugins/com.st.stm32cube.ide.mcu.externaltools.gnu-tools-for-stm32.7-2018-q2-update.win32_1.0.0.201904181610/tools/bin/../lib/gcc/arm-none-eabi/7.3.1/thumb/v7e-m/fpv4-sp/hard\libgcc.a(unwind-arm.o)
                0x0000000008007c5c                _Unwind_GetCFA
                0x0000000008007c60                __gnu_Unwind_RaiseException
                0x0000000008007cc0                __gnu_Unwind_ForcedUnwind
                0x0000000008007cd4                __gnu_Unwind_Resume
                0x0000000008007d18                __gnu_Unwind_Resume_or_Rethrow
                0x0000000008007d28                _Unwind_Complete
                0x0000000008007d2c                _Unwind_DeleteException
                0x0000000008007d38                _Unwind_VRS_Get
                0x0000000008007d7c                _Unwind_VRS_Set
                0x0000000008007dc4                __gnu_Unwind_Backtrace
                0x0000000008008108                __aeabi_unwind_cpp_pr0
                0x000000000800810c                __aeabi_unwind_cpp_pr1
                0x0000000008008110                __aeabi_unwind_cpp_pr2
                0x0000000008008114                _Unwind_VRS_Pop
 .text          0x0000000008008394      0x1ac c:/st/stm32cubeide_1.3.0/stm32cubeide/plugins/com.st.stm32cube.ide.mcu.externaltools.gnu-tools-for-stm32.7-2018-q2-update.win32_1.0.0.201904181610/tools/bin/../lib/gcc/arm-none-eabi/7.3.1/thumb/v7e-m/fpv4-sp/hard\libgcc.a(libunwind.o)
                0x0000000008008394                __restore_core_regs
                0x0000000008008394                restore_core_regs
                0x00000000080083ac                __gnu_Unwind_Restore_VFP
                0x00000000080083b4                __gnu_Unwind_Save_VFP
                0x00000000080083bc                __gnu_Unwind_Restore_VFP_D
                0x00000000080083c4                __gnu_Unwind_Save_VFP_D
                0x00000000080083cc                __gnu_Unwind_Restore_VFP_D_16_to_31
                0x00000000080083d4                __gnu_Unwind_Save_VFP_D_16_to_31
                0x00000000080083dc                __gnu_Unwind_Restore_WMMXD
                0x0000000008008420                __gnu_Unwind_Save_WMMXD
                0x0000000008008464                __gnu_Unwind_Restore_WMMXC
                0x0000000008008478                __gnu_Unwind_Save_WMMXC
                0x000000000800848c                ___Unwind_RaiseException
                0x000000000800848c                _Unwind_RaiseException
                0x00000000080084b0                _Unwind_Resume
                0x00000000080084b0                ___Unwind_Resume
                0x00000000080084d4                _Unwind_Resume_or_Rethrow
                0x00000000080084d4                ___Unwind_Resume_or_Rethrow
                0x00000000080084f8                _Unwind_ForcedUnwind
                0x00000000080084f8                ___Unwind_ForcedUnwind
                0x000000000800851c                ___Unwind_Backtrace
                0x000000000800851c                _Unwind_Backtrace
 .text          0x0000000008008540      0x374 c:/st/stm32cubeide_1.3.0/stm32cubeide/plugins/com.st.stm32cube.ide.mcu.externaltools.gnu-tools-for-stm32.7-2018-q2-update.win32_1.0.0.201904181610/tools/bin/../lib/gcc/arm-none-eabi/7.3.1/thumb/v7e-m/fpv4-sp/hard\libgcc.a(pr-support.o)
                0x0000000008008598                __gnu_unwind_execute
                0x000000000800885c                __gnu_unwind_frame
                0x0000000008008884                _Unwind_GetRegionStart
                0x0000000008008890                _Unwind_GetLanguageSpecificData
                0x00000000080088a4                _Unwind_GetDataRelBase
                0x00000000080088ac                _Unwind_GetTextRelBase
 .text          0x00000000080088b4        0x4 c:/st/stm32cubeide_1.3.0/stm32cubeide/plugins/com.st.stm32cube.ide.mcu.externaltools.gnu-tools-for-stm32.7-2018-q2-update.win32_1.0.0.201904181610/tools/bin/../lib/gcc/arm-none-eabi/7.3.1/thumb/v7e-m/fpv4-sp/hard\libgcc.a(_dvmd_tls.o)
                0x00000000080088b4                __aeabi_idiv0
                0x00000000080088b4                __aeabi_ldiv0
 *(.text*)
 .text._ZN3I2CC2Ev
                0x00000000080088b8       0x78 Core/Src/I2C.o
                0x00000000080088b8                I2C::I2C()
                0x00000000080088b8                I2C::I2C()
 .text._ZN3I2CD2Ev
                0x0000000008008930       0x20 Core/Src/I2C.o
                0x0000000008008930                I2C::~I2C()
                0x0000000008008930                I2C::~I2C()
 .text._ZN3I2CD0Ev
                0x0000000008008950       0x20 Core/Src/I2C.o
                0x0000000008008950                I2C::~I2C()
 .text._ZN3I2C5writeEhPhh
                0x0000000008008970       0x36 Core/Src/I2C.o
                0x0000000008008970                I2C::write(unsigned char, unsigned char*, unsigned char)
 .text._ZNSt9_Any_data9_M_accessEv
                0x00000000080089a6       0x16 Core/Src/main.o
                0x00000000080089a6                std::_Any_data::_M_access()
 .text._ZNKSt9_Any_data9_M_accessEv
                0x00000000080089bc       0x16 Core/Src/main.o
                0x00000000080089bc                std::_Any_data::_M_access() const
 .text._ZNSt14_Function_baseC2Ev
                0x00000000080089d2       0x1c Core/Src/main.o
                0x00000000080089d2                std::_Function_base::_Function_base()
                0x00000000080089d2                std::_Function_base::_Function_base()
 .text._ZNSt14_Function_baseD2Ev
                0x00000000080089ee       0x26 Core/Src/main.o
                0x00000000080089ee                std::_Function_base::~_Function_base()
                0x00000000080089ee                std::_Function_base::~_Function_base()
 .text._ZNSt8functionIFvhPhhEED2Ev
                0x0000000008008a14       0x1a Core/Src/main.o
                0x0000000008008a14                std::function<void (unsigned char, unsigned char*, unsigned char)>::~function()
                0x0000000008008a14                std::function<void (unsigned char, unsigned char*, unsigned char)>::~function()
 *fill*         0x0000000008008a2e        0x2 
 .text.main     0x0000000008008a30       0xe8 Core/Src/main.o
                0x0000000008008a30                main
 .text._Z18SystemClock_Configv
                0x0000000008008b18       0xe8 Core/Src/main.o
                0x0000000008008b18                SystemClock_Config()
 .text._ZL19MX_USART2_UART_Initv
                0x0000000008008c00       0x5c Core/Src/main.o
 .text._ZL12MX_GPIO_Initv
                0x0000000008008c5c       0xe0 Core/Src/main.o
 .text.Error_Handler
                0x0000000008008d3c        0xe Core/Src/main.o
                0x0000000008008d3c                Error_Handler
 .text._ZSt7forwardIM3I2CFvhPhhEEOT_RNSt16remove_referenceIS4_E4typeE
                0x0000000008008d4a       0x16 Core/Src/main.o
                0x0000000008008d4a                void (I2C::*&&std::forward<void (I2C::*)(unsigned char, unsigned char*, unsigned char)>(std::remove_reference<void (I2C::*)(unsigned char, unsigned char*, unsigned char)>::type&))(unsigned char, unsigned char*, unsigned char)
 .text._ZSt7forwardIP3I2CEOT_RNSt16remove_referenceIS2_E4typeE
                0x0000000008008d60       0x16 Core/Src/main.o
                0x0000000008008d60                I2C*&& std::forward<I2C*>(std::remove_reference<I2C*>::type&)
 .text._ZSt7forwardIRKSt12_PlaceholderILi1EEEOT_RNSt16remove_referenceIS4_E4typeE
                0x0000000008008d76       0x16 Core/Src/main.o
                0x0000000008008d76                std::_Placeholder<1> const& std::forward<std::_Placeholder<1> const&>(std::remove_reference<std::_Placeholder<1> const&>::type&)
 .text._ZSt7forwardIRKSt12_PlaceholderILi2EEEOT_RNSt16remove_referenceIS4_E4typeE
                0x0000000008008d8c       0x16 Core/Src/main.o
                0x0000000008008d8c                std::_Placeholder<2> const& std::forward<std::_Placeholder<2> const&>(std::remove_reference<std::_Placeholder<2> const&>::type&)
 .text._ZSt7forwardIRKSt12_PlaceholderILi3EEEOT_RNSt16remove_referenceIS4_E4typeE
                0x0000000008008da2       0x16 Core/Src/main.o
                0x0000000008008da2                std::_Placeholder<3> const& std::forward<std::_Placeholder<3> const&>(std::remove_reference<std::_Placeholder<3> const&>::type&)
 .text._ZSt4bindIvM3I2CFvhPhhEJPS0_RKSt12_PlaceholderILi1EERKS5_ILi2EERKS5_ILi3EEEENSt15_Bindres_helperIT_T0_JDpT1_EE4typeEOSH_DpOSI_
                0x0000000008008db8       0x52 Core/Src/main.o
                0x0000000008008db8                std::_Bindres_helper<void, void (I2C::*)(unsigned char, unsigned char*, unsigned char), I2C*, std::_Placeholder<1> const&, std::_Placeholder<2> const&, std::_Placeholder<3> const&>::type std::bind<void, void (I2C::*)(unsigned char, unsigned char*, unsigned char), I2C*, std::_Placeholder<1> const&, std::_Placeholder<2> const&, std::_Placeholder<3> const&>(void (I2C::*&&)(unsigned char, unsigned char*, unsigned char), I2C*&&, std::_Placeholder<1> const&, std::_Placeholder<2> const&, std::_Placeholder<3> const&)
 .text._ZSt4moveIRSt5tupleIJP3I2CSt12_PlaceholderILi1EES3_ILi2EES3_ILi3EEEEEONSt16remove_referenceIT_E4typeEOSA_
                0x0000000008008e0a       0x16 Core/Src/main.o
                0x0000000008008e0a                std::remove_reference<std::tuple<I2C*, std::_Placeholder<1>, std::_Placeholder<2>, std::_Placeholder<3> >&>::type&& std::move<std::tuple<I2C*, std::_Placeholder<1>, std::_Placeholder<2>, std::_Placeholder<3> >&>(std::tuple<I2C*, std::_Placeholder<1>, std::_Placeholder<2>, std::_Placeholder<3> >&)
 .text._ZNSt11_Tuple_implILj3EJSt12_PlaceholderILi3EEEE7_M_headERS2_
                0x0000000008008e20       0x18 Core/Src/main.o
                0x0000000008008e20                std::_Tuple_impl<3u, std::_Placeholder<3> >::_M_head(std::_Tuple_impl<3u, std::_Placeholder<3> >&)
 .text._ZNSt10_Head_baseILj3ESt12_PlaceholderILi3EELb1EE7_M_headERS2_
                0x0000000008008e38       0x16 Core/Src/main.o
                0x0000000008008e38                std::_Head_base<3u, std::_Placeholder<3>, true>::_M_head(std::_Head_base<3u, std::_Placeholder<3>, true>&)
 .text._ZSt7forwardISt12_PlaceholderILi3EEEOT_RNSt16remove_referenceIS2_E4typeE
                0x0000000008008e4e       0x16 Core/Src/main.o
                0x0000000008008e4e                std::_Placeholder<3>&& std::forward<std::_Placeholder<3> >(std::remove_reference<std::_Placeholder<3> >::type&)
 .text._ZNSt11_Tuple_implILj3EJSt12_PlaceholderILi3EEEEC2EOS2_
                0x0000000008008e64       0x2c Core/Src/main.o
                0x0000000008008e64                std::_Tuple_impl<3u, std::_Placeholder<3> >::_Tuple_impl(std::_Tuple_impl<3u, std::_Placeholder<3> >&&)
                0x0000000008008e64                std::_Tuple_impl<3u, std::_Placeholder<3> >::_Tuple_impl(std::_Tuple_impl<3u, std::_Placeholder<3> >&&)
 .text._ZNSt11_Tuple_implILj2EJSt12_PlaceholderILi2EES0_ILi3EEEE7_M_tailERS3_
                0x0000000008008e90       0x16 Core/Src/main.o
                0x0000000008008e90                std::_Tuple_impl<2u, std::_Placeholder<2>, std::_Placeholder<3> >::_M_tail(std::_Tuple_impl<2u, std::_Placeholder<2>, std::_Placeholder<3> >&)
 .text._ZNSt11_Tuple_implILj2EJSt12_PlaceholderILi2EES0_ILi3EEEE7_M_headERS3_
                0x0000000008008ea6       0x18 Core/Src/main.o
                0x0000000008008ea6                std::_Tuple_impl<2u, std::_Placeholder<2>, std::_Placeholder<3> >::_M_head(std::_Tuple_impl<2u, std::_Placeholder<2>, std::_Placeholder<3> >&)
 .text._ZNSt10_Head_baseILj2ESt12_PlaceholderILi2EELb1EE7_M_headERS2_
                0x0000000008008ebe       0x16 Core/Src/main.o
                0x0000000008008ebe                std::_Head_base<2u, std::_Placeholder<2>, true>::_M_head(std::_Head_base<2u, std::_Placeholder<2>, true>&)
 .text._ZSt4moveIRSt11_Tuple_implILj3EJSt12_PlaceholderILi3EEEEEONSt16remove_referenceIT_E4typeEOS6_
                0x0000000008008ed4       0x16 Core/Src/main.o
                0x0000000008008ed4                std::remove_reference<std::_Tuple_impl<3u, std::_Placeholder<3> >&>::type&& std::move<std::_Tuple_impl<3u, std::_Placeholder<3> >&>(std::_Tuple_impl<3u, std::_Placeholder<3> >&)
 .text._ZSt7forwardISt12_PlaceholderILi2EEEOT_RNSt16remove_referenceIS2_E4typeE
                0x0000000008008eea       0x16 Core/Src/main.o
                0x0000000008008eea                std::_Placeholder<2>&& std::forward<std::_Placeholder<2> >(std::remove_reference<std::_Placeholder<2> >::type&)
 .text._ZNSt11_Tuple_implILj2EJSt12_PlaceholderILi2EES0_ILi3EEEEC2EOS3_
                0x0000000008008f00       0x44 Core/Src/main.o
                0x0000000008008f00                std::_Tuple_impl<2u, std::_Placeholder<2>, std::_Placeholder<3> >::_Tuple_impl(std::_Tuple_impl<2u, std::_Placeholder<2>, std::_Placeholder<3> >&&)
                0x0000000008008f00                std::_Tuple_impl<2u, std::_Placeholder<2>, std::_Placeholder<3> >::_Tuple_impl(std::_Tuple_impl<2u, std::_Placeholder<2>, std::_Placeholder<3> >&&)
 .text._ZNSt11_Tuple_implILj1EJSt12_PlaceholderILi1EES0_ILi2EES0_ILi3EEEE7_M_tailERS4_
                0x0000000008008f44       0x16 Core/Src/main.o
                0x0000000008008f44                std::_Tuple_impl<1u, std::_Placeholder<1>, std::_Placeholder<2>, std::_Placeholder<3> >::_M_tail(std::_Tuple_impl<1u, std::_Placeholder<1>, std::_Placeholder<2>, std::_Placeholder<3> >&)
 .text._ZNSt11_Tuple_implILj1EJSt12_PlaceholderILi1EES0_ILi2EES0_ILi3EEEE7_M_headERS4_
                0x0000000008008f5a       0x18 Core/Src/main.o
                0x0000000008008f5a                std::_Tuple_impl<1u, std::_Placeholder<1>, std::_Placeholder<2>, std::_Placeholder<3> >::_M_head(std::_Tuple_impl<1u, std::_Placeholder<1>, std::_Placeholder<2>, std::_Placeholder<3> >&)
 .text._ZNSt10_Head_baseILj1ESt12_PlaceholderILi1EELb1EE7_M_headERS2_
                0x0000000008008f72       0x16 Core/Src/main.o
                0x0000000008008f72                std::_Head_base<1u, std::_Placeholder<1>, true>::_M_head(std::_Head_base<1u, std::_Placeholder<1>, true>&)
 .text._ZSt4moveIRSt11_Tuple_implILj2EJSt12_PlaceholderILi2EES1_ILi3EEEEEONSt16remove_referenceIT_E4typeEOS7_
                0x0000000008008f88       0x16 Core/Src/main.o
                0x0000000008008f88                std::remove_reference<std::_Tuple_impl<2u, std::_Placeholder<2>, std::_Placeholder<3> >&>::type&& std::move<std::_Tuple_impl<2u, std::_Placeholder<2>, std::_Placeholder<3> >&>(std::_Tuple_impl<2u, std::_Placeholder<2>, std::_Placeholder<3> >&)
 .text._ZSt7forwardISt12_PlaceholderILi1EEEOT_RNSt16remove_referenceIS2_E4typeE
                0x0000000008008f9e       0x16 Core/Src/main.o
                0x0000000008008f9e                std::_Placeholder<1>&& std::forward<std::_Placeholder<1> >(std::remove_reference<std::_Placeholder<1> >::type&)
 .text._ZNSt11_Tuple_implILj1EJSt12_PlaceholderILi1EES0_ILi2EES0_ILi3EEEEC2EOS4_
                0x0000000008008fb4       0x44 Core/Src/main.o
                0x0000000008008fb4                std::_Tuple_impl<1u, std::_Placeholder<1>, std::_Placeholder<2>, std::_Placeholder<3> >::_Tuple_impl(std::_Tuple_impl<1u, std::_Placeholder<1>, std::_Placeholder<2>, std::_Placeholder<3> >&&)
                0x0000000008008fb4                std::_Tuple_impl<1u, std::_Placeholder<1>, std::_Placeholder<2>, std::_Placeholder<3> >::_Tuple_impl(std::_Tuple_impl<1u, std::_Placeholder<1>, std::_Placeholder<2>, std::_Placeholder<3> >&&)
 .text._ZNSt5tupleIJP3I2CSt12_PlaceholderILi1EES2_ILi2EES2_ILi3EEEEC2EOS6_
                0x0000000008008ff8       0x20 Core/Src/main.o
                0x0000000008008ff8                std::tuple<I2C*, std::_Placeholder<1>, std::_Placeholder<2>, std::_Placeholder<3> >::tuple(std::tuple<I2C*, std::_Placeholder<1>, std::_Placeholder<2>, std::_Placeholder<3> >&&)
                0x0000000008008ff8                std::tuple<I2C*, std::_Placeholder<1>, std::_Placeholder<2>, std::_Placeholder<3> >::tuple(std::tuple<I2C*, std::_Placeholder<1>, std::_Placeholder<2>, std::_Placeholder<3> >&&)
 .text._ZNSt12_Bind_resultIvFM3I2CFvhPhhEPS0_St12_PlaceholderILi1EES5_ILi2EES5_ILi3EEEEC2EOSA_
                0x0000000008009018       0x42 Core/Src/main.o
                0x0000000008009018                std::_Bind_result<void, void (I2C::*(I2C*, std::_Placeholder<1>, std::_Placeholder<2>, std::_Placeholder<3>))(unsigned char, unsigned char*, unsigned char)>::_Bind_result(std::_Bind_result<void, void (I2C::*(I2C*, std::_Placeholder<1>, std::_Placeholder<2>, std::_Placeholder<3>))(unsigned char, unsigned char*, unsigned char)>&&)
                0x0000000008009018                std::_Bind_result<void, void (I2C::*(I2C*, std::_Placeholder<1>, std::_Placeholder<2>, std::_Placeholder<3>))(unsigned char, unsigned char*, unsigned char)>::_Bind_result(std::_Bind_result<void, void (I2C::*(I2C*, std::_Placeholder<1>, std::_Placeholder<2>, std::_Placeholder<3>))(unsigned char, unsigned char*, unsigned char)>&&)
 .text._ZSt4moveIRSt12_Bind_resultIvFM3I2CFvhPhhEPS1_St12_PlaceholderILi1EES6_ILi2EES6_ILi3EEEEEONSt16remove_referenceIT_E4typeEOSE_
                0x000000000800905a       0x16 Core/Src/main.o
                0x000000000800905a                std::remove_reference<std::_Bind_result<void, void (I2C::*(I2C*, std::_Placeholder<1>, std::_Placeholder<2>, std::_Placeholder<3>))(unsigned char, unsigned char*, unsigned char)>&>::type&& std::move<std::_Bind_result<void, void (I2C::*(I2C*, std::_Placeholder<1>, std::_Placeholder<2>, std::_Placeholder<3>))(unsigned char, unsigned char*, unsigned char)>&>(std::_Bind_result<void, void (I2C::*(I2C*, std::_Placeholder<1>, std::_Placeholder<2>, std::_Placeholder<3>))(unsigned char, unsigned char*, unsigned char)>&)
 .text._ZNSt8functionIFvhPhhEEC2ISt12_Bind_resultIvFM3I2CFvhS0_hEPS5_St12_PlaceholderILi1EES9_ILi2EES9_ILi3EEEEvvEET_
                0x0000000008009070       0x50 Core/Src/main.o
                0x0000000008009070                std::function<void (unsigned char, unsigned char*, unsigned char)>::function<std::_Bind_result<void, void (I2C::*(I2C*, std::_Placeholder<1>, std::_Placeholder<2>, std::_Placeholder<3>))(unsigned char, unsigned char*, unsigned char)>, void, void>(std::_Bind_result<void, void (I2C::*(I2C*, std::_Placeholder<1>, std::_Placeholder<2>, std::_Placeholder<3>))(unsigned char, unsigned char*, unsigned char)>)
                0x0000000008009070                std::function<void (unsigned char, unsigned char*, unsigned char)>::function<std::_Bind_result<void, void (I2C::*(I2C*, std::_Placeholder<1>, std::_Placeholder<2>, std::_Placeholder<3>))(unsigned char, unsigned char*, unsigned char)>, void, void>(std::_Bind_result<void, void (I2C::*(I2C*, std::_Placeholder<1>, std::_Placeholder<2>, std::_Placeholder<3>))(unsigned char, unsigned char*, unsigned char)>)
 .text._ZNSt12_Bind_resultIvFM3I2CFvhPhhEPS0_St12_PlaceholderILi1EES5_ILi2EES5_ILi3EEEEC2IJS4_RKS6_RKS7_RKS8_EEEOS3_DpOT_
                0x00000000080090c0       0x62 Core/Src/main.o
                0x00000000080090c0                std::_Bind_result<void, void (I2C::*(I2C*, std::_Placeholder<1>, std::_Placeholder<2>, std::_Placeholder<3>))(unsigned char, unsigned char*, unsigned char)>::_Bind_result<I2C*, std::_Placeholder<1> const&, std::_Placeholder<2> const&, std::_Placeholder<3> const&>(void (I2C::*&&)(unsigned char, unsigned char*, unsigned char), I2C*&&, std::_Placeholder<1> const&, std::_Placeholder<2> const&, std::_Placeholder<3> const&)
                0x00000000080090c0                std::_Bind_result<void, void (I2C::*(I2C*, std::_Placeholder<1>, std::_Placeholder<2>, std::_Placeholder<3>))(unsigned char, unsigned char*, unsigned char)>::_Bind_result<I2C*, std::_Placeholder<1> const&, std::_Placeholder<2> const&, std::_Placeholder<3> const&>(void (I2C::*&&)(unsigned char, unsigned char*, unsigned char), I2C*&&, std::_Placeholder<1> const&, std::_Placeholder<2> const&, std::_Placeholder<3> const&)
 .text._ZSt4moveIRM3I2CFvhPhhEEONSt16remove_referenceIT_E4typeEOS6_
                0x0000000008009122       0x16 Core/Src/main.o
                0x0000000008009122                std::remove_reference<void (I2C::*&)(unsigned char, unsigned char*, unsigned char)>::type&& std::move<void (I2C::*&)(unsigned char, unsigned char*, unsigned char)>(void (I2C::*&)(unsigned char, unsigned char*, unsigned char))
 .text._ZNSt10_Head_baseILj3ESt12_PlaceholderILi3EELb1EEC2IS1_EEOT_
                0x0000000008009138       0x1a Core/Src/main.o
                0x0000000008009138                std::_Head_base<3u, std::_Placeholder<3>, true>::_Head_base<std::_Placeholder<3> >(std::_Placeholder<3>&&)
                0x0000000008009138                std::_Head_base<3u, std::_Placeholder<3>, true>::_Head_base<std::_Placeholder<3> >(std::_Placeholder<3>&&)
 .text._ZNSt10_Head_baseILj2ESt12_PlaceholderILi2EELb1EEC2IS1_EEOT_
                0x0000000008009152       0x1a Core/Src/main.o
                0x0000000008009152                std::_Head_base<2u, std::_Placeholder<2>, true>::_Head_base<std::_Placeholder<2> >(std::_Placeholder<2>&&)
                0x0000000008009152                std::_Head_base<2u, std::_Placeholder<2>, true>::_Head_base<std::_Placeholder<2> >(std::_Placeholder<2>&&)
 .text._ZNSt10_Head_baseILj1ESt12_PlaceholderILi1EELb1EEC2IS1_EEOT_
                0x000000000800916c       0x1a Core/Src/main.o
                0x000000000800916c                std::_Head_base<1u, std::_Placeholder<1>, true>::_Head_base<std::_Placeholder<1> >(std::_Placeholder<1>&&)
                0x000000000800916c                std::_Head_base<1u, std::_Placeholder<1>, true>::_Head_base<std::_Placeholder<1> >(std::_Placeholder<1>&&)
 .text._ZNSt11_Tuple_implILj0EJP3I2CSt12_PlaceholderILi1EES2_ILi2EES2_ILi3EEEE7_M_tailERS6_
                0x0000000008009186       0x16 Core/Src/main.o
                0x0000000008009186                std::_Tuple_impl<0u, I2C*, std::_Placeholder<1>, std::_Placeholder<2>, std::_Placeholder<3> >::_M_tail(std::_Tuple_impl<0u, I2C*, std::_Placeholder<1>, std::_Placeholder<2>, std::_Placeholder<3> >&)
 .text._ZNSt11_Tuple_implILj0EJP3I2CSt12_PlaceholderILi1EES2_ILi2EES2_ILi3EEEE7_M_headERS6_
                0x000000000800919c       0x1a Core/Src/main.o
                0x000000000800919c                std::_Tuple_impl<0u, I2C*, std::_Placeholder<1>, std::_Placeholder<2>, std::_Placeholder<3> >::_M_head(std::_Tuple_impl<0u, I2C*, std::_Placeholder<1>, std::_Placeholder<2>, std::_Placeholder<3> >&)
 .text._ZNSt10_Head_baseILj0EP3I2CLb0EE7_M_headERS2_
                0x00000000080091b6       0x16 Core/Src/main.o
                0x00000000080091b6                std::_Head_base<0u, I2C*, false>::_M_head(std::_Head_base<0u, I2C*, false>&)
 .text._ZSt4moveIRSt11_Tuple_implILj1EJSt12_PlaceholderILi1EES1_ILi2EES1_ILi3EEEEEONSt16remove_referenceIT_E4typeEOS8_
                0x00000000080091cc       0x16 Core/Src/main.o
                0x00000000080091cc                std::remove_reference<std::_Tuple_impl<1u, std::_Placeholder<1>, std::_Placeholder<2>, std::_Placeholder<3> >&>::type&& std::move<std::_Tuple_impl<1u, std::_Placeholder<1>, std::_Placeholder<2>, std::_Placeholder<3> >&>(std::_Tuple_impl<1u, std::_Placeholder<1>, std::_Placeholder<2>, std::_Placeholder<3> >&)
 .text._ZNSt11_Tuple_implILj0EJP3I2CSt12_PlaceholderILi1EES2_ILi2EES2_ILi3EEEEC2EOS6_
                0x00000000080091e2       0x46 Core/Src/main.o
                0x00000000080091e2                std::_Tuple_impl<0u, I2C*, std::_Placeholder<1>, std::_Placeholder<2>, std::_Placeholder<3> >::_Tuple_impl(std::_Tuple_impl<0u, I2C*, std::_Placeholder<1>, std::_Placeholder<2>, std::_Placeholder<3> >&&)
                0x00000000080091e2                std::_Tuple_impl<0u, I2C*, std::_Placeholder<1>, std::_Placeholder<2>, std::_Placeholder<3> >::_Tuple_impl(std::_Tuple_impl<0u, I2C*, std::_Placeholder<1>, std::_Placeholder<2>, std::_Placeholder<3> >&&)
 .text._ZNSt14_Function_base13_Base_managerISt12_Bind_resultIvFM3I2CFvhPhhEPS2_St12_PlaceholderILi1EES7_ILi2EES7_ILi3EEEEE21_M_not_empty_functionISC_EEbRKT_
                0x0000000008009228       0x16 Core/Src/main.o
                0x0000000008009228                bool std::_Function_base::_Base_manager<std::_Bind_result<void, void (I2C::*(I2C*, std::_Placeholder<1>, std::_Placeholder<2>, std::_Placeholder<3>))(unsigned char, unsigned char*, unsigned char)> >::_M_not_empty_function<std::_Bind_result<void, void (I2C::*(I2C*, std::_Placeholder<1>, std::_Placeholder<2>, std::_Placeholder<3>))(unsigned char, unsigned char*, unsigned char)> >(std::_Bind_result<void, void (I2C::*(I2C*, std::_Placeholder<1>, std::_Placeholder<2>, std::_Placeholder<3>))(unsigned char, unsigned char*, unsigned char)> const&)
 .text._ZNSt14_Function_base13_Base_managerISt12_Bind_resultIvFM3I2CFvhPhhEPS2_St12_PlaceholderILi1EES7_ILi2EES7_ILi3EEEEE15_M_init_functorERSt9_Any_dataOSC_
                0x000000000800923e       0x24 Core/Src/main.o
                0x000000000800923e                std::_Function_base::_Base_manager<std::_Bind_result<void, void (I2C::*(I2C*, std::_Placeholder<1>, std::_Placeholder<2>, std::_Placeholder<3>))(unsigned char, unsigned char*, unsigned char)> >::_M_init_functor(std::_Any_data&, std::_Bind_result<void, void (I2C::*(I2C*, std::_Placeholder<1>, std::_Placeholder<2>, std::_Placeholder<3>))(unsigned char, unsigned char*, unsigned char)>&&)
 .text._ZSt7forwardIhEOT_RNSt16remove_referenceIS0_E4typeE
                0x0000000008009262       0x16 Core/Src/main.o
                0x0000000008009262                unsigned char&& std::forward<unsigned char>(std::remove_reference<unsigned char>::type&)
 .text._ZSt7forwardIPhEOT_RNSt16remove_referenceIS1_E4typeE
                0x0000000008009278       0x16 Core/Src/main.o
                0x0000000008009278                unsigned char*&& std::forward<unsigned char*>(std::remove_reference<unsigned char*>::type&)
 .text._ZNSt17_Function_handlerIFvhPhhESt12_Bind_resultIvFM3I2CFvhS0_hEPS3_St12_PlaceholderILi1EES7_ILi2EES7_ILi3EEEEE9_M_invokeERKSt9_Any_dataOhOS0_SH_
                0x000000000800928e       0x40 Core/Src/main.o
                0x000000000800928e                std::_Function_handler<void (unsigned char, unsigned char*, unsigned char), std::_Bind_result<void, void (I2C::*(I2C*, std::_Placeholder<1>, std::_Placeholder<2>, std::_Placeholder<3>))(unsigned char, unsigned char*, unsigned char)> >::_M_invoke(std::_Any_data const&, unsigned char&&, unsigned char*&&, unsigned char&&)
 .text._ZNSt14_Function_base13_Base_managerISt12_Bind_resultIvFM3I2CFvhPhhEPS2_St12_PlaceholderILi1EES7_ILi2EES7_ILi3EEEEE10_M_managerERSt9_Any_dataRKSE_St18_Manager_operation
                0x00000000080092ce       0x50 Core/Src/main.o
                0x00000000080092ce                std::_Function_base::_Base_manager<std::_Bind_result<void, void (I2C::*(I2C*, std::_Placeholder<1>, std::_Placeholder<2>, std::_Placeholder<3>))(unsigned char, unsigned char*, unsigned char)> >::_M_manager(std::_Any_data&, std::_Any_data const&, std::_Manager_operation)
 .text._ZNSt5tupleIJP3I2CSt12_PlaceholderILi1EES2_ILi2EES2_ILi3EEEEC2IJS1_RKS3_RKS4_RKS5_ELb1EEEDpOT_
                0x000000000800931e       0x4c Core/Src/main.o
                0x000000000800931e                std::tuple<I2C*, std::_Placeholder<1>, std::_Placeholder<2>, std::_Placeholder<3> >::tuple<I2C*, std::_Placeholder<1> const&, std::_Placeholder<2> const&, std::_Placeholder<3> const&, true>(I2C*&&, std::_Placeholder<1> const&, std::_Placeholder<2> const&, std::_Placeholder<3> const&)
                0x000000000800931e                std::tuple<I2C*, std::_Placeholder<1>, std::_Placeholder<2>, std::_Placeholder<3> >::tuple<I2C*, std::_Placeholder<1> const&, std::_Placeholder<2> const&, std::_Placeholder<3> const&, true>(I2C*&&, std::_Placeholder<1> const&, std::_Placeholder<2> const&, std::_Placeholder<3> const&)
 .text._ZNSt10_Head_baseILj0EP3I2CLb0EEC2IS1_EEOT_
                0x000000000800936a       0x22 Core/Src/main.o
                0x000000000800936a                std::_Head_base<0u, I2C*, false>::_Head_base<I2C*>(I2C*&&)
                0x000000000800936a                std::_Head_base<0u, I2C*, false>::_Head_base<I2C*>(I2C*&&)
 .text._ZNSt14_Function_base13_Base_managerISt12_Bind_resultIvFM3I2CFvhPhhEPS2_St12_PlaceholderILi1EES7_ILi2EES7_ILi3EEEEE15_M_init_functorERSt9_Any_dataOSC_St17integral_constantIbLb0EE
                0x000000000800938c       0x38 Core/Src/main.o
                0x000000000800938c                std::_Function_base::_Base_manager<std::_Bind_result<void, void (I2C::*(I2C*, std::_Placeholder<1>, std::_Placeholder<2>, std::_Placeholder<3>))(unsigned char, unsigned char*, unsigned char)> >::_M_init_functor(std::_Any_data&, std::_Bind_result<void, void (I2C::*(I2C*, std::_Placeholder<1>, std::_Placeholder<2>, std::_Placeholder<3>))(unsigned char, unsigned char*, unsigned char)>&&, std::integral_constant<bool, false>)
 .text._ZNSt14_Function_base13_Base_managerISt12_Bind_resultIvFM3I2CFvhPhhEPS2_St12_PlaceholderILi1EES7_ILi2EES7_ILi3EEEEE14_M_get_pointerERKSt9_Any_data
                0x00000000080093c4       0x1e Core/Src/main.o
                0x00000000080093c4                std::_Function_base::_Base_manager<std::_Bind_result<void, void (I2C::*(I2C*, std::_Placeholder<1>, std::_Placeholder<2>, std::_Placeholder<3>))(unsigned char, unsigned char*, unsigned char)> >::_M_get_pointer(std::_Any_data const&)
 .text._ZNSt5tupleIJOhOPhS0_EEC2IJhS1_hELb1EEEDpOT_
                0x00000000080093e2       0x3c Core/Src/main.o
                0x00000000080093e2                std::tuple<unsigned char&&, unsigned char*&&, unsigned char&&>::tuple<unsigned char, unsigned char*, unsigned char, true>(unsigned char&&, unsigned char*&&, unsigned char&&)
                0x00000000080093e2                std::tuple<unsigned char&&, unsigned char*&&, unsigned char&&>::tuple<unsigned char, unsigned char*, unsigned char, true>(unsigned char&&, unsigned char*&&, unsigned char&&)
 .text._ZNSt11_Tuple_implILj0EJOhOPhS0_EEC2IhJS1_hEvEEOT_DpOT0_
                0x000000000800941e       0x4a Core/Src/main.o
                0x000000000800941e                std::_Tuple_impl<0u, unsigned char&&, unsigned char*&&, unsigned char&&>::_Tuple_impl<unsigned char, unsigned char*, unsigned char, void>(unsigned char&&, unsigned char*&&, unsigned char&&)
                0x000000000800941e                std::_Tuple_impl<0u, unsigned char&&, unsigned char*&&, unsigned char&&>::_Tuple_impl<unsigned char, unsigned char*, unsigned char, void>(unsigned char&&, unsigned char*&&, unsigned char&&)
 .text._ZNSt11_Tuple_implILj1EJOPhOhEEC2IS0_JhEvEEOT_DpOT0_
                0x0000000008009468       0x3c Core/Src/main.o
                0x0000000008009468                std::_Tuple_impl<1u, unsigned char*&&, unsigned char&&>::_Tuple_impl<unsigned char*, unsigned char, void>(unsigned char*&&, unsigned char&&)
                0x0000000008009468                std::_Tuple_impl<1u, unsigned char*&&, unsigned char&&>::_Tuple_impl<unsigned char*, unsigned char, void>(unsigned char*&&, unsigned char&&)
 .text._ZNSt11_Tuple_implILj2EJOhEEC2IhEEOT_
                0x00000000080094a4       0x26 Core/Src/main.o
                0x00000000080094a4                std::_Tuple_impl<2u, unsigned char&&>::_Tuple_impl<unsigned char>(unsigned char&&)
                0x00000000080094a4                std::_Tuple_impl<2u, unsigned char&&>::_Tuple_impl<unsigned char>(unsigned char&&)
 .text._ZNSt10_Head_baseILj2EOhLb0EEC2IhEEOT_
                0x00000000080094ca       0x20 Core/Src/main.o
                0x00000000080094ca                std::_Head_base<2u, unsigned char&&, false>::_Head_base<unsigned char>(unsigned char&&)
                0x00000000080094ca                std::_Head_base<2u, unsigned char&&, false>::_Head_base<unsigned char>(unsigned char&&)
 .text._ZNSt10_Head_baseILj1EOPhLb0EEC2IS0_EEOT_
                0x00000000080094ea       0x20 Core/Src/main.o
                0x00000000080094ea                std::_Head_base<1u, unsigned char*&&, false>::_Head_base<unsigned char*>(unsigned char*&&)
                0x00000000080094ea                std::_Head_base<1u, unsigned char*&&, false>::_Head_base<unsigned char*>(unsigned char*&&)
 .text._ZNSt10_Head_baseILj0EOhLb0EEC2IhEEOT_
                0x000000000800950a       0x20 Core/Src/main.o
                0x000000000800950a                std::_Head_base<0u, unsigned char&&, false>::_Head_base<unsigned char>(unsigned char&&)
                0x000000000800950a                std::_Head_base<0u, unsigned char&&, false>::_Head_base<unsigned char>(unsigned char&&)
 .text._ZNSt11_Tuple_implILj2EJOhEE7_M_headERS1_
                0x000000000800952a       0x1a Core/Src/main.o
                0x000000000800952a                std::_Tuple_impl<2u, unsigned char&&>::_M_head(std::_Tuple_impl<2u, unsigned char&&>&)
 .text._ZNSt10_Head_baseILj2EOhLb0EE7_M_headERS1_
                0x0000000008009544       0x18 Core/Src/main.o
                0x0000000008009544                std::_Head_base<2u, unsigned char&&, false>::_M_head(std::_Head_base<2u, unsigned char&&, false>&)
 .text._ZSt7forwardIOhEOT_RNSt16remove_referenceIS1_E4typeE
                0x000000000800955c       0x16 Core/Src/main.o
                0x000000000800955c                unsigned char&& std::forward<unsigned char&&>(std::remove_reference<unsigned char&&>::type&)
 .text._ZNSt11_Tuple_implILj1EJOPhOhEE7_M_headERS3_
                0x0000000008009572       0x1c Core/Src/main.o
                0x0000000008009572                std::_Tuple_impl<1u, unsigned char*&&, unsigned char&&>::_M_head(std::_Tuple_impl<1u, unsigned char*&&, unsigned char&&>&)
 .text._ZNSt10_Head_baseILj1EOPhLb0EE7_M_headERS2_
                0x000000000800958e       0x18 Core/Src/main.o
                0x000000000800958e                std::_Head_base<1u, unsigned char*&&, false>::_M_head(std::_Head_base<1u, unsigned char*&&, false>&)
 .text._ZSt7forwardIOPhEOT_RNSt16remove_referenceIS2_E4typeE
                0x00000000080095a6       0x16 Core/Src/main.o
                0x00000000080095a6                unsigned char*&& std::forward<unsigned char*&&>(std::remove_reference<unsigned char*&&>::type&)
 .text._ZSt16forward_as_tupleIJhPhhEESt5tupleIJDpOT_EES4_
                0x00000000080095bc       0x38 Core/Src/main.o
                0x00000000080095bc                std::tuple<unsigned char&&, unsigned char*&&, unsigned char&&> std::forward_as_tuple<unsigned char, unsigned char*, unsigned char>(unsigned char&&, unsigned char*&&, unsigned char&&)
 .text._ZNSt12_Bind_resultIvFM3I2CFvhPhhEPS0_St12_PlaceholderILi1EES5_ILi2EES5_ILi3EEEEclIJhS1_hEEEvDpOT_
                0x00000000080095f4       0x46 Core/Src/main.o
                0x00000000080095f4                void std::_Bind_result<void, void (I2C::*(I2C*, std::_Placeholder<1>, std::_Placeholder<2>, std::_Placeholder<3>))(unsigned char, unsigned char*, unsigned char)>::operator()<unsigned char, unsigned char*, unsigned char>(unsigned char&&, unsigned char*&&, unsigned char&&)
 .text._ZNSt9_Any_data9_M_accessIPSt12_Bind_resultIvFM3I2CFvhPhhEPS2_St12_PlaceholderILi1EES7_ILi2EES7_ILi3EEEEEERT_v
                0x000000000800963a       0x18 Core/Src/main.o
                0x000000000800963a                std::_Bind_result<void, void (I2C::*(I2C*, std::_Placeholder<1>, std::_Placeholder<2>, std::_Placeholder<3>))(unsigned char, unsigned char*, unsigned char)>*& std::_Any_data::_M_access<std::_Bind_result<void, void (I2C::*(I2C*, std::_Placeholder<1>, std::_Placeholder<2>, std::_Placeholder<3>))(unsigned char, unsigned char*, unsigned char)>*>()
 .text._ZNSt14_Function_base13_Base_managerISt12_Bind_resultIvFM3I2CFvhPhhEPS2_St12_PlaceholderILi1EES7_ILi2EES7_ILi3EEEEE8_M_cloneERSt9_Any_dataRKSE_St17integral_constantIbLb0EE
                0x0000000008009652       0x3c Core/Src/main.o
                0x0000000008009652                std::_Function_base::_Base_manager<std::_Bind_result<void, void (I2C::*(I2C*, std::_Placeholder<1>, std::_Placeholder<2>, std::_Placeholder<3>))(unsigned char, unsigned char*, unsigned char)> >::_M_clone(std::_Any_data&, std::_Any_data const&, std::integral_constant<bool, false>)
 .text._ZNSt14_Function_base13_Base_managerISt12_Bind_resultIvFM3I2CFvhPhhEPS2_St12_PlaceholderILi1EES7_ILi2EES7_ILi3EEEEE10_M_destroyERSt9_Any_dataSt17integral_constantIbLb0EE
                0x000000000800968e       0x24 Core/Src/main.o
                0x000000000800968e                std::_Function_base::_Base_manager<std::_Bind_result<void, void (I2C::*(I2C*, std::_Placeholder<1>, std::_Placeholder<2>, std::_Placeholder<3>))(unsigned char, unsigned char*, unsigned char)> >::_M_destroy(std::_Any_data&, std::integral_constant<bool, false>)
 .text._ZNSt11_Tuple_implILj0EJP3I2CSt12_PlaceholderILi1EES2_ILi2EES2_ILi3EEEEC2IS1_JRKS3_RKS4_RKS5_EvEEOT_DpOT0_
                0x00000000080096b2       0x4c Core/Src/main.o
                0x00000000080096b2                std::_Tuple_impl<0u, I2C*, std::_Placeholder<1>, std::_Placeholder<2>, std::_Placeholder<3> >::_Tuple_impl<I2C*, std::_Placeholder<1> const&, std::_Placeholder<2> const&, std::_Placeholder<3> const&, void>(I2C*&&, std::_Placeholder<1> const&, std::_Placeholder<2> const&, std::_Placeholder<3> const&)
                0x00000000080096b2                std::_Tuple_impl<0u, I2C*, std::_Placeholder<1>, std::_Placeholder<2>, std::_Placeholder<3> >::_Tuple_impl<I2C*, std::_Placeholder<1> const&, std::_Placeholder<2> const&, std::_Placeholder<3> const&, void>(I2C*&&, std::_Placeholder<1> const&, std::_Placeholder<2> const&, std::_Placeholder<3> const&)
 .text._ZNKSt9_Any_data9_M_accessIPSt12_Bind_resultIvFM3I2CFvhPhhEPS2_St12_PlaceholderILi1EES7_ILi2EES7_ILi3EEEEEERKT_v
                0x00000000080096fe       0x18 Core/Src/main.o
                0x00000000080096fe                std::_Bind_result<void, void (I2C::*(I2C*, std::_Placeholder<1>, std::_Placeholder<2>, std::_Placeholder<3>))(unsigned char, unsigned char*, unsigned char)>* const& std::_Any_data::_M_access<std::_Bind_result<void, void (I2C::*(I2C*, std::_Placeholder<1>, std::_Placeholder<2>, std::_Placeholder<3>))(unsigned char, unsigned char*, unsigned char)>*>() const
 .text._ZNSt11_Tuple_implILj0EJOhOPhS0_EE7_M_headERS3_
                0x0000000008009716       0x1c Core/Src/main.o
                0x0000000008009716                std::_Tuple_impl<0u, unsigned char&&, unsigned char*&&, unsigned char&&>::_M_head(std::_Tuple_impl<0u, unsigned char&&, unsigned char*&&, unsigned char&&>&)
 .text._ZNSt10_Head_baseILj0EOhLb0EE7_M_headERS1_
                0x0000000008009732       0x18 Core/Src/main.o
                0x0000000008009732                std::_Head_base<0u, unsigned char&&, false>::_M_head(std::_Head_base<0u, unsigned char&&, false>&)
 .text._ZNSt12_Bind_resultIvFM3I2CFvhPhhEPS0_St12_PlaceholderILi1EES5_ILi2EES5_ILi3EEEE6__callIvJOhOS1_SC_EJLj0ELj1ELj2ELj3EEEENSt9enable_ifIXtlSt7is_voidIT_EEEvE4typeEOSt5tupleIJDpT0_EESt12_Index_tupleIJXspT1_EEE
                0x000000000800974a       0x90 Core/Src/main.o
                0x000000000800974a                _ZNSt12_Bind_resultIvFM3I2CFvhPhhEPS0_St12_PlaceholderILi1EES5_ILi2EES5_ILi3EEEE6__callIvJOhOS1_SC_EJLj0ELj1ELj2ELj3EEEENSt9enable_ifIXtlSt7is_voidIT_EEEvE4typeEOSt5tupleIJDpT0_EESt12_Index_tupleIJXspT1_EEE
 .text._ZNSt11_Tuple_implILj1EJSt12_PlaceholderILi1EES0_ILi2EES0_ILi3EEEEC2ERKS1_RKS2_RKS3_
                0x00000000080097da       0x2a Core/Src/main.o
                0x00000000080097da                std::_Tuple_impl<1u, std::_Placeholder<1>, std::_Placeholder<2>, std::_Placeholder<3> >::_Tuple_impl(std::_Placeholder<1> const&, std::_Placeholder<2> const&, std::_Placeholder<3> const&)
                0x00000000080097da                std::_Tuple_impl<1u, std::_Placeholder<1>, std::_Placeholder<2>, std::_Placeholder<3> >::_Tuple_impl(std::_Placeholder<1> const&, std::_Placeholder<2> const&, std::_Placeholder<3> const&)
 .text._ZSt3getILj0EJP3I2CSt12_PlaceholderILi1EES2_ILi2EES2_ILi3EEEERNSt13tuple_elementIXT_ESt5tupleIJDpT0_EEE4typeERSA_
                0x0000000008009804       0x1a Core/Src/main.o
                0x0000000008009804                std::tuple_element<0u, std::tuple<I2C*, std::_Placeholder<1>, std::_Placeholder<2>, std::_Placeholder<3> > >::type& std::get<0u, I2C*, std::_Placeholder<1>, std::_Placeholder<2>, std::_Placeholder<3> >(std::tuple<I2C*, std::_Placeholder<1>, std::_Placeholder<2>, std::_Placeholder<3> >&)
 .text._ZNVKSt3_MuIP3I2CLb0ELb0EEclIRS1_St5tupleIJOhOPhS6_EEEEOT_SB_RT0_
                0x000000000800981e       0x1c Core/Src/main.o
                0x000000000800981e                I2C*& std::_Mu<I2C*, false, false>::operator()<I2C*&, std::tuple<unsigned char&&, unsigned char*&&, unsigned char&&> >(I2C*&, std::tuple<unsigned char&&, unsigned char*&&, unsigned char&&>&) const volatile
 .text._ZSt3getILj1EJP3I2CSt12_PlaceholderILi1EES2_ILi2EES2_ILi3EEEERNSt13tuple_elementIXT_ESt5tupleIJDpT0_EEE4typeERSA_
                0x000000000800983a       0x18 Core/Src/main.o
                0x000000000800983a                std::tuple_element<1u, std::tuple<I2C*, std::_Placeholder<1>, std::_Placeholder<2>, std::_Placeholder<3> > >::type& std::get<1u, I2C*, std::_Placeholder<1>, std::_Placeholder<2>, std::_Placeholder<3> >(std::tuple<I2C*, std::_Placeholder<1>, std::_Placeholder<2>, std::_Placeholder<3> >&)
 .text._ZSt4moveIRSt5tupleIJOhOPhS1_EEEONSt16remove_referenceIT_E4typeEOS7_
                0x0000000008009852       0x16 Core/Src/main.o
                0x0000000008009852                std::remove_reference<std::tuple<unsigned char&&, unsigned char*&&, unsigned char&&>&>::type&& std::move<std::tuple<unsigned char&&, unsigned char*&&, unsigned char&&>&>(std::tuple<unsigned char&&, unsigned char*&&, unsigned char&&>&)
 .text._ZNVKSt3_MuISt12_PlaceholderILi1EELb0ELb1EEclISt5tupleIJOhOPhS5_EEEEONSt9enable_ifIXltLj0EsrSt10tuple_sizeIT_E5valueESt13tuple_elementILj0ESB_EE4type4typeERVKS1_RSB_
                0x0000000008009868       0x24 Core/Src/main.o
                0x0000000008009868                std::enable_if<(0u)<std::tuple_size<std::tuple<unsigned char&&, unsigned char*&&, unsigned char&&> >::value, std::tuple_element<0u, std::tuple<unsigned char&&, unsigned char*&&, unsigned char&&> > >::type::type&& std::_Mu<std::_Placeholder<1>, false, true>::operator()<std::tuple<unsigned char&&, unsigned char*&&, unsigned char&&> >(std::_Placeholder<1> const volatile&, std::tuple<unsigned char&&, unsigned char*&&, unsigned char&&>&) const volatile
 .text._ZSt3getILj2EJP3I2CSt12_PlaceholderILi1EES2_ILi2EES2_ILi3EEEERNSt13tuple_elementIXT_ESt5tupleIJDpT0_EEE4typeERSA_
                0x000000000800988c       0x18 Core/Src/main.o
                0x000000000800988c                std::tuple_element<2u, std::tuple<I2C*, std::_Placeholder<1>, std::_Placeholder<2>, std::_Placeholder<3> > >::type& std::get<2u, I2C*, std::_Placeholder<1>, std::_Placeholder<2>, std::_Placeholder<3> >(std::tuple<I2C*, std::_Placeholder<1>, std::_Placeholder<2>, std::_Placeholder<3> >&)
 .text._ZNVKSt3_MuISt12_PlaceholderILi2EELb0ELb1EEclISt5tupleIJOhOPhS5_EEEEONSt9enable_ifIXltLj1EsrSt10tuple_sizeIT_E5valueESt13tuple_elementILj1ESB_EE4type4typeERVKS1_RSB_
                0x00000000080098a4       0x24 Core/Src/main.o
                0x00000000080098a4                std::enable_if<(1u)<std::tuple_size<std::tuple<unsigned char&&, unsigned char*&&, unsigned char&&> >::value, std::tuple_element<1u, std::tuple<unsigned char&&, unsigned char*&&, unsigned char&&> > >::type::type&& std::_Mu<std::_Placeholder<2>, false, true>::operator()<std::tuple<unsigned char&&, unsigned char*&&, unsigned char&&> >(std::_Placeholder<2> const volatile&, std::tuple<unsigned char&&, unsigned char*&&, unsigned char&&>&) const volatile
 .text._ZSt3getILj3EJP3I2CSt12_PlaceholderILi1EES2_ILi2EES2_ILi3EEEERNSt13tuple_elementIXT_ESt5tupleIJDpT0_EEE4typeERSA_
                0x00000000080098c8       0x18 Core/Src/main.o
                0x00000000080098c8                std::tuple_element<3u, std::tuple<I2C*, std::_Placeholder<1>, std::_Placeholder<2>, std::_Placeholder<3> > >::type& std::get<3u, I2C*, std::_Placeholder<1>, std::_Placeholder<2>, std::_Placeholder<3> >(std::tuple<I2C*, std::_Placeholder<1>, std::_Placeholder<2>, std::_Placeholder<3> >&)
 .text._ZNVKSt3_MuISt12_PlaceholderILi3EELb0ELb1EEclISt5tupleIJOhOPhS5_EEEEONSt9enable_ifIXltLj2EsrSt10tuple_sizeIT_E5valueESt13tuple_elementILj2ESB_EE4type4typeERVKS1_RSB_
                0x00000000080098e0       0x24 Core/Src/main.o
                0x00000000080098e0                std::enable_if<(2u)<std::tuple_size<std::tuple<unsigned char&&, unsigned char*&&, unsigned char&&> >::value, std::tuple_element<2u, std::tuple<unsigned char&&, unsigned char*&&, unsigned char&&> > >::type::type&& std::_Mu<std::_Placeholder<3>, false, true>::operator()<std::tuple<unsigned char&&, unsigned char*&&, unsigned char&&> >(std::_Placeholder<3> const volatile&, std::tuple<unsigned char&&, unsigned char*&&, unsigned char&&>&) const volatile
 .text._ZSt7forwardIRM3I2CFvhPhhEEOT_RNSt16remove_referenceIS5_E4typeE
                0x0000000008009904       0x16 Core/Src/main.o
                0x0000000008009904                void (I2C::*&std::forward<void (I2C::*&)(unsigned char, unsigned char*, unsigned char)>(std::remove_reference<void (I2C::*&)(unsigned char, unsigned char*, unsigned char)>::type&))(unsigned char, unsigned char*, unsigned char)
 .text._ZSt7forwardIRP3I2CEOT_RNSt16remove_referenceIS3_E4typeE
                0x000000000800991a       0x16 Core/Src/main.o
                0x000000000800991a                I2C*& std::forward<I2C*&>(std::remove_reference<I2C*&>::type&)
 .text._ZSt8__invokeIRM3I2CFvhPhhEJRPS0_hS1_hEENSt15__invoke_resultIT_JDpT0_EE4typeEOS8_DpOS9_
                0x0000000008009930       0x52 Core/Src/main.o
                0x0000000008009930                std::__invoke_result<void (I2C::*&)(unsigned char, unsigned char*, unsigned char), I2C*&, unsigned char, unsigned char*, unsigned char>::type std::__invoke<void (I2C::*&)(unsigned char, unsigned char*, unsigned char), I2C*&, unsigned char, unsigned char*, unsigned char>(void (I2C::*&)(unsigned char, unsigned char*, unsigned char), I2C*&, unsigned char&&, unsigned char*&&, unsigned char&&)
 .text._ZNSt11_Tuple_implILj2EJSt12_PlaceholderILi2EES0_ILi3EEEEC2ERKS1_RKS2_
                0x0000000008009982       0x26 Core/Src/main.o
                0x0000000008009982                std::_Tuple_impl<2u, std::_Placeholder<2>, std::_Placeholder<3> >::_Tuple_impl(std::_Placeholder<2> const&, std::_Placeholder<3> const&)
                0x0000000008009982                std::_Tuple_impl<2u, std::_Placeholder<2>, std::_Placeholder<3> >::_Tuple_impl(std::_Placeholder<2> const&, std::_Placeholder<3> const&)
 .text._ZNSt10_Head_baseILj1ESt12_PlaceholderILi1EELb1EEC2ERKS1_
                0x00000000080099a8       0x18 Core/Src/main.o
                0x00000000080099a8                std::_Head_base<1u, std::_Placeholder<1>, true>::_Head_base(std::_Placeholder<1> const&)
                0x00000000080099a8                std::_Head_base<1u, std::_Placeholder<1>, true>::_Head_base(std::_Placeholder<1> const&)
 .text._ZSt12__get_helperILj0EP3I2CJSt12_PlaceholderILi1EES2_ILi2EES2_ILi3EEEERT0_RSt11_Tuple_implIXT_EJS6_DpT1_EE
                0x00000000080099c0       0x18 Core/Src/main.o
                0x00000000080099c0                I2C*& std::__get_helper<0u, I2C*, std::_Placeholder<1>, std::_Placeholder<2>, std::_Placeholder<3> >(std::_Tuple_impl<0u, I2C*, std::_Placeholder<1>, std::_Placeholder<2>, std::_Placeholder<3> >&)
 .text._ZSt12__get_helperILj1ESt12_PlaceholderILi1EEJS0_ILi2EES0_ILi3EEEERT0_RSt11_Tuple_implIXT_EJS4_DpT1_EE
                0x00000000080099d8       0x18 Core/Src/main.o
                0x00000000080099d8                std::_Placeholder<1>& std::__get_helper<1u, std::_Placeholder<1>, std::_Placeholder<2>, std::_Placeholder<3> >(std::_Tuple_impl<1u, std::_Placeholder<1>, std::_Placeholder<2>, std::_Placeholder<3> >&)
 .text._ZSt3getILj0EJOhOPhS0_EERNSt13tuple_elementIXT_ESt5tupleIJDpT0_EEE4typeERS7_
                0x00000000080099f0       0x1a Core/Src/main.o
                0x00000000080099f0                std::tuple_element<0u, std::tuple<unsigned char&&, unsigned char*&&, unsigned char&&> >::type& std::get<0u, unsigned char&&, unsigned char*&&, unsigned char&&>(std::tuple<unsigned char&&, unsigned char*&&, unsigned char&&>&)
 .text._ZSt12__get_helperILj0EOhJOPhS0_EERT0_RSt11_Tuple_implIXT_EJS3_DpT1_EE
                0x0000000008009a0a       0x18 Core/Src/main.o
                0x0000000008009a0a                unsigned char& std::__get_helper<0u, unsigned char&&, unsigned char*&&, unsigned char&&>(std::_Tuple_impl<0u, unsigned char&&, unsigned char*&&, unsigned char&&>&)
 .text._ZSt3getILj0EJOhOPhS0_EEONSt13tuple_elementIXT_ESt5tupleIJDpT0_EEE4typeEOS7_
                0x0000000008009a22       0x20 Core/Src/main.o
                0x0000000008009a22                std::tuple_element<0u, std::tuple<unsigned char&&, unsigned char*&&, unsigned char&&> >::type&& std::get<0u, unsigned char&&, unsigned char*&&, unsigned char&&>(std::tuple<unsigned char&&, unsigned char*&&, unsigned char&&>&&)
 .text._ZSt12__get_helperILj2ESt12_PlaceholderILi2EEJS0_ILi3EEEERT0_RSt11_Tuple_implIXT_EJS3_DpT1_EE
                0x0000000008009a42       0x18 Core/Src/main.o
                0x0000000008009a42                std::_Placeholder<2>& std::__get_helper<2u, std::_Placeholder<2>, std::_Placeholder<3> >(std::_Tuple_impl<2u, std::_Placeholder<2>, std::_Placeholder<3> >&)
 .text._ZSt3getILj1EJOhOPhS0_EERNSt13tuple_elementIXT_ESt5tupleIJDpT0_EEE4typeERS7_
                0x0000000008009a5a       0x1a Core/Src/main.o
                0x0000000008009a5a                std::tuple_element<1u, std::tuple<unsigned char&&, unsigned char*&&, unsigned char&&> >::type& std::get<1u, unsigned char&&, unsigned char*&&, unsigned char&&>(std::tuple<unsigned char&&, unsigned char*&&, unsigned char&&>&)
 .text._ZSt12__get_helperILj1EOPhJOhEERT0_RSt11_Tuple_implIXT_EJS3_DpT1_EE
                0x0000000008009a74       0x18 Core/Src/main.o
                0x0000000008009a74                unsigned char*& std::__get_helper<1u, unsigned char*&&, unsigned char&&>(std::_Tuple_impl<1u, unsigned char*&&, unsigned char&&>&)
 .text._ZSt3getILj1EJOhOPhS0_EEONSt13tuple_elementIXT_ESt5tupleIJDpT0_EEE4typeEOS7_
                0x0000000008009a8c       0x20 Core/Src/main.o
                0x0000000008009a8c                std::tuple_element<1u, std::tuple<unsigned char&&, unsigned char*&&, unsigned char&&> >::type&& std::get<1u, unsigned char&&, unsigned char*&&, unsigned char&&>(std::tuple<unsigned char&&, unsigned char*&&, unsigned char&&>&&)
 .text._ZSt12__get_helperILj3ESt12_PlaceholderILi3EEJEERT0_RSt11_Tuple_implIXT_EJS2_DpT1_EE
                0x0000000008009aac       0x18 Core/Src/main.o
                0x0000000008009aac                std::_Placeholder<3>& std::__get_helper<3u, std::_Placeholder<3>>(std::_Tuple_impl<3u, std::_Placeholder<3>>&)
 .text._ZSt3getILj2EJOhOPhS0_EERNSt13tuple_elementIXT_ESt5tupleIJDpT0_EEE4typeERS7_
                0x0000000008009ac4       0x1a Core/Src/main.o
                0x0000000008009ac4                std::tuple_element<2u, std::tuple<unsigned char&&, unsigned char*&&, unsigned char&&> >::type& std::get<2u, unsigned char&&, unsigned char*&&, unsigned char&&>(std::tuple<unsigned char&&, unsigned char*&&, unsigned char&&>&)
 .text._ZSt12__get_helperILj2EOhJEERT0_RSt11_Tuple_implIXT_EJS1_DpT1_EE
                0x0000000008009ade       0x18 Core/Src/main.o
                0x0000000008009ade                unsigned char& std::__get_helper<2u, unsigned char&&>(std::_Tuple_impl<2u, unsigned char&&>&)
 .text._ZSt3getILj2EJOhOPhS0_EEONSt13tuple_elementIXT_ESt5tupleIJDpT0_EEE4typeEOS7_
                0x0000000008009af6       0x20 Core/Src/main.o
                0x0000000008009af6                std::tuple_element<2u, std::tuple<unsigned char&&, unsigned char*&&, unsigned char&&> >::type&& std::get<2u, unsigned char&&, unsigned char*&&, unsigned char&&>(std::tuple<unsigned char&&, unsigned char*&&, unsigned char&&>&&)
 .text._ZSt13__invoke_implIvRM3I2CFvhPhhERPS0_JhS1_hEET_St21__invoke_memfun_derefOT0_OT1_DpOT2_
                0x0000000008009b16       0x74 Core/Src/main.o
                0x0000000008009b16                void std::__invoke_impl<void, void (I2C::*&)(unsigned char, unsigned char*, unsigned char), I2C*&, unsigned char, unsigned char*, unsigned char>(std::__invoke_memfun_deref, void (I2C::*&)(unsigned char, unsigned char*, unsigned char), I2C*&, unsigned char&&, unsigned char*&&, unsigned char&&)
 .text._ZNSt11_Tuple_implILj3EJSt12_PlaceholderILi3EEEEC2ERKS1_
                0x0000000008009b8a       0x1c Core/Src/main.o
                0x0000000008009b8a                std::_Tuple_impl<3u, std::_Placeholder<3> >::_Tuple_impl(std::_Placeholder<3> const&)
                0x0000000008009b8a                std::_Tuple_impl<3u, std::_Placeholder<3> >::_Tuple_impl(std::_Placeholder<3> const&)
 .text._ZNSt10_Head_baseILj2ESt12_PlaceholderILi2EELb1EEC2ERKS1_
                0x0000000008009ba6       0x18 Core/Src/main.o
                0x0000000008009ba6                std::_Head_base<2u, std::_Placeholder<2>, true>::_Head_base(std::_Placeholder<2> const&)
                0x0000000008009ba6                std::_Head_base<2u, std::_Placeholder<2>, true>::_Head_base(std::_Placeholder<2> const&)
 .text._ZNSt10_Head_baseILj3ESt12_PlaceholderILi3EELb1EEC2ERKS1_
                0x0000000008009bbe       0x18 Core/Src/main.o
                0x0000000008009bbe                std::_Head_base<3u, std::_Placeholder<3>, true>::_Head_base(std::_Placeholder<3> const&)
                0x0000000008009bbe                std::_Head_base<3u, std::_Placeholder<3>, true>::_Head_base(std::_Placeholder<3> const&)
 .text._ZNKSt14_Function_base8_M_emptyEv
                0x0000000008009bd6       0x22 Core/Src/mcp4725.o
                0x0000000008009bd6                std::_Function_base::_M_empty() const
 .text._ZN7MCP4725C2ESt8functionIFvhPhhEENS_10i2c_addr_tENS_9pwrd_md_tEtt
                0x0000000008009bf8       0x80 Core/Src/mcp4725.o
                0x0000000008009bf8                MCP4725::MCP4725(std::function<void (unsigned char, unsigned char*, unsigned char)>, MCP4725::i2c_addr_t, MCP4725::pwrd_md_t, unsigned short, unsigned short)
                0x0000000008009bf8                MCP4725::MCP4725(std::function<void (unsigned char, unsigned char*, unsigned char)>, MCP4725::i2c_addr_t, MCP4725::pwrd_md_t, unsigned short, unsigned short)
 .text._ZN7MCP47257set_DACEt
                0x0000000008009c78       0x4e Core/Src/mcp4725.o
                0x0000000008009c78                MCP4725::set_DAC(unsigned short)
 .text._ZNSt8functionIFvhPhhEEC2ERKS2_
                0x0000000008009cc6       0x44 Core/Src/mcp4725.o
                0x0000000008009cc6                std::function<void (unsigned char, unsigned char*, unsigned char)>::function(std::function<void (unsigned char, unsigned char*, unsigned char)> const&)
                0x0000000008009cc6                std::function<void (unsigned char, unsigned char*, unsigned char)>::function(std::function<void (unsigned char, unsigned char*, unsigned char)> const&)
 .text._ZNKSt8functionIFvhPhhEEclEhS0_h
                0x0000000008009d0a       0x62 Core/Src/mcp4725.o
                0x0000000008009d0a                std::function<void (unsigned char, unsigned char*, unsigned char)>::operator()(unsigned char, unsigned char*, unsigned char) const
 .text._ZNKSt8functionIFvhPhhEEcvbEv
                0x0000000008009d6c       0x20 Core/Src/mcp4725.o
                0x0000000008009d6c                std::function<void (unsigned char, unsigned char*, unsigned char)>::operator bool() const
 .text.HAL_MspInit
                0x0000000008009d8c       0x50 Core/Src/stm32f4xx_hal_msp.o
                0x0000000008009d8c                HAL_MspInit
 .text.HAL_I2C_MspInit
                0x0000000008009ddc       0x90 Core/Src/stm32f4xx_hal_msp.o
                0x0000000008009ddc                HAL_I2C_MspInit
 .text.HAL_UART_MspInit
                0x0000000008009e6c       0x90 Core/Src/stm32f4xx_hal_msp.o
                0x0000000008009e6c                HAL_UART_MspInit
 .text.NMI_Handler
                0x0000000008009efc        0xe Core/Src/stm32f4xx_it.o
                0x0000000008009efc                NMI_Handler
 .text.HardFault_Handler
                0x0000000008009f0a        0x6 Core/Src/stm32f4xx_it.o
                0x0000000008009f0a                HardFault_Handler
 .text.MemManage_Handler
                0x0000000008009f10        0x6 Core/Src/stm32f4xx_it.o
                0x0000000008009f10                MemManage_Handler
 .text.BusFault_Handler
                0x0000000008009f16        0x6 Core/Src/stm32f4xx_it.o
                0x0000000008009f16                BusFault_Handler
 .text.UsageFault_Handler
                0x0000000008009f1c        0x6 Core/Src/stm32f4xx_it.o
                0x0000000008009f1c                UsageFault_Handler
 .text.SVC_Handler
                0x0000000008009f22        0xe Core/Src/stm32f4xx_it.o
                0x0000000008009f22                SVC_Handler
 .text.DebugMon_Handler
                0x0000000008009f30        0xe Core/Src/stm32f4xx_it.o
                0x0000000008009f30                DebugMon_Handler
 .text.PendSV_Handler
                0x0000000008009f3e        0xe Core/Src/stm32f4xx_it.o
                0x0000000008009f3e                PendSV_Handler
 .text.SysTick_Handler
                0x0000000008009f4c        0xc Core/Src/stm32f4xx_it.o
                0x0000000008009f4c                SysTick_Handler
 .text._getpid  0x0000000008009f58       0x10 Core/Src/syscalls.o
                0x0000000008009f58                _getpid
 .text._kill    0x0000000008009f68       0x20 Core/Src/syscalls.o
                0x0000000008009f68                _kill
 .text._exit    0x0000000008009f88       0x14 Core/Src/syscalls.o
                0x0000000008009f88                _exit
 .text._read    0x0000000008009f9c       0x3a Core/Src/syscalls.o
                0x0000000008009f9c                _read
 .text._write   0x0000000008009fd6       0x38 Core/Src/syscalls.o
                0x0000000008009fd6                _write
 .text._close   0x000000000800a00e       0x18 Core/Src/syscalls.o
                0x000000000800a00e                _close
 .text._fstat   0x000000000800a026       0x20 Core/Src/syscalls.o
                0x000000000800a026                _fstat
 .text._isatty  0x000000000800a046       0x16 Core/Src/syscalls.o
                0x000000000800a046                _isatty
 .text._lseek   0x000000000800a05c       0x1a Core/Src/syscalls.o
                0x000000000800a05c                _lseek
 *fill*         0x000000000800a076        0x2 
 .text._sbrk    0x000000000800a078       0x58 Core/Src/sysmem.o
                0x000000000800a078                _sbrk
 .text.SystemInit
                0x000000000800a0d0       0x2c Core/Src/system_stm32f4xx.o
                0x000000000800a0d0                SystemInit
 .text.Reset_Handler
                0x000000000800a0fc       0x50 Core/Startup/startup_stm32f411retx.o
                0x000000000800a0fc                Reset_Handler
 .text.Default_Handler
                0x000000000800a14c        0x2 Core/Startup/startup_stm32f411retx.o
                0x000000000800a14c                RTC_Alarm_IRQHandler
                0x000000000800a14c                EXTI2_IRQHandler
                0x000000000800a14c                SPI4_IRQHandler
                0x000000000800a14c                TIM1_CC_IRQHandler
                0x000000000800a14c                DMA2_Stream5_IRQHandler
                0x000000000800a14c                DMA1_Stream5_IRQHandler
                0x000000000800a14c                PVD_IRQHandler
                0x000000000800a14c                SDIO_IRQHandler
                0x000000000800a14c                TAMP_STAMP_IRQHandler
                0x000000000800a14c                EXTI3_IRQHandler
                0x000000000800a14c                TIM1_UP_TIM10_IRQHandler
                0x000000000800a14c                I2C3_ER_IRQHandler
                0x000000000800a14c                EXTI0_IRQHandler
                0x000000000800a14c                I2C2_EV_IRQHandler
                0x000000000800a14c                DMA1_Stream2_IRQHandler
                0x000000000800a14c                FPU_IRQHandler
                0x000000000800a14c                DMA2_Stream2_IRQHandler
                0x000000000800a14c                SPI1_IRQHandler
                0x000000000800a14c                TIM1_BRK_TIM9_IRQHandler
                0x000000000800a14c                DMA2_Stream3_IRQHandler
                0x000000000800a14c                USART6_IRQHandler
                0x000000000800a14c                DMA2_Stream0_IRQHandler
                0x000000000800a14c                TIM4_IRQHandler
                0x000000000800a14c                I2C1_EV_IRQHandler
                0x000000000800a14c                DMA1_Stream6_IRQHandler
                0x000000000800a14c                DMA1_Stream1_IRQHandler
                0x000000000800a14c                TIM3_IRQHandler
                0x000000000800a14c                RCC_IRQHandler
                0x000000000800a14c                Default_Handler
                0x000000000800a14c                EXTI15_10_IRQHandler
                0x000000000800a14c                ADC_IRQHandler
                0x000000000800a14c                DMA1_Stream7_IRQHandler
                0x000000000800a14c                SPI5_IRQHandler
                0x000000000800a14c                TIM5_IRQHandler
                0x000000000800a14c                DMA2_Stream7_IRQHandler
                0x000000000800a14c                I2C3_EV_IRQHandler
                0x000000000800a14c                EXTI9_5_IRQHandler
                0x000000000800a14c                RTC_WKUP_IRQHandler
                0x000000000800a14c                SPI2_IRQHandler
                0x000000000800a14c                DMA1_Stream0_IRQHandler
                0x000000000800a14c                EXTI4_IRQHandler
                0x000000000800a14c                WWDG_IRQHandler
                0x000000000800a14c                TIM2_IRQHandler
                0x000000000800a14c                OTG_FS_WKUP_IRQHandler
                0x000000000800a14c                TIM1_TRG_COM_TIM11_IRQHandler
                0x000000000800a14c                EXTI1_IRQHandler
                0x000000000800a14c                USART2_IRQHandler
                0x000000000800a14c                I2C2_ER_IRQHandler
                0x000000000800a14c                DMA2_Stream1_IRQHandler
                0x000000000800a14c                FLASH_IRQHandler
                0x000000000800a14c                DMA2_Stream4_IRQHandler
                0x000000000800a14c                USART1_IRQHandler
                0x000000000800a14c                OTG_FS_IRQHandler
                0x000000000800a14c                SPI3_IRQHandler
                0x000000000800a14c                DMA1_Stream4_IRQHandler
                0x000000000800a14c                I2C1_ER_IRQHandler
                0x000000000800a14c                DMA2_Stream6_IRQHandler
                0x000000000800a14c                DMA1_Stream3_IRQHandler
 *fill*         0x000000000800a14e        0x2 
 .text.HAL_Init
                0x000000000800a150       0x44 Drivers/STM32F4xx_HAL_Driver/Src/stm32f4xx_hal.o
                0x000000000800a150                HAL_Init
 .text.HAL_InitTick
                0x000000000800a194       0x60 Drivers/STM32F4xx_HAL_Driver/Src/stm32f4xx_hal.o
                0x000000000800a194                HAL_InitTick
 .text.HAL_IncTick
                0x000000000800a1f4       0x28 Drivers/STM32F4xx_HAL_Driver/Src/stm32f4xx_hal.o
                0x000000000800a1f4                HAL_IncTick
 .text.HAL_GetTick
                0x000000000800a21c       0x18 Drivers/STM32F4xx_HAL_Driver/Src/stm32f4xx_hal.o
                0x000000000800a21c                HAL_GetTick
 .text.__NVIC_SetPriorityGrouping
                0x000000000800a234       0x48 Drivers/STM32F4xx_HAL_Driver/Src/stm32f4xx_hal_cortex.o
 .text.__NVIC_GetPriorityGrouping
                0x000000000800a27c       0x1c Drivers/STM32F4xx_HAL_Driver/Src/stm32f4xx_hal_cortex.o
 .text.__NVIC_SetPriority
                0x000000000800a298       0x54 Drivers/STM32F4xx_HAL_Driver/Src/stm32f4xx_hal_cortex.o
 .text.NVIC_EncodePriority
                0x000000000800a2ec       0x66 Drivers/STM32F4xx_HAL_Driver/Src/stm32f4xx_hal_cortex.o
 *fill*         0x000000000800a352        0x2 
 .text.SysTick_Config
                0x000000000800a354       0x44 Drivers/STM32F4xx_HAL_Driver/Src/stm32f4xx_hal_cortex.o
 .text.HAL_NVIC_SetPriorityGrouping
                0x000000000800a398       0x16 Drivers/STM32F4xx_HAL_Driver/Src/stm32f4xx_hal_cortex.o
                0x000000000800a398                HAL_NVIC_SetPriorityGrouping
 .text.HAL_NVIC_SetPriority
                0x000000000800a3ae       0x38 Drivers/STM32F4xx_HAL_Driver/Src/stm32f4xx_hal_cortex.o
                0x000000000800a3ae                HAL_NVIC_SetPriority
 .text.HAL_SYSTICK_Config
                0x000000000800a3e6       0x18 Drivers/STM32F4xx_HAL_Driver/Src/stm32f4xx_hal_cortex.o
                0x000000000800a3e6                HAL_SYSTICK_Config
 *fill*         0x000000000800a3fe        0x2 
 .text.HAL_GPIO_Init
                0x000000000800a400      0x304 Drivers/STM32F4xx_HAL_Driver/Src/stm32f4xx_hal_gpio.o
                0x000000000800a400                HAL_GPIO_Init
 .text.HAL_GPIO_WritePin
                0x000000000800a704       0x32 Drivers/STM32F4xx_HAL_Driver/Src/stm32f4xx_hal_gpio.o
                0x000000000800a704                HAL_GPIO_WritePin
 .text.HAL_GPIO_TogglePin
                0x000000000800a736       0x36 Drivers/STM32F4xx_HAL_Driver/Src/stm32f4xx_hal_gpio.o
                0x000000000800a736                HAL_GPIO_TogglePin
 .text.HAL_I2C_Init
                0x000000000800a76c      0x270 Drivers/STM32F4xx_HAL_Driver/Src/stm32f4xx_hal_i2c.o
                0x000000000800a76c                HAL_I2C_Init
 .text.HAL_I2C_Master_Transmit
                0x000000000800a9dc      0x1fc Drivers/STM32F4xx_HAL_Driver/Src/stm32f4xx_hal_i2c.o
                0x000000000800a9dc                HAL_I2C_Master_Transmit
 .text.I2C_MasterRequestWrite
                0x000000000800abd8      0x104 Drivers/STM32F4xx_HAL_Driver/Src/stm32f4xx_hal_i2c.o
 .text.I2C_WaitOnFlagUntilTimeout
                0x000000000800acdc       0xae Drivers/STM32F4xx_HAL_Driver/Src/stm32f4xx_hal_i2c.o
 .text.I2C_WaitOnMasterAddressFlagUntilTimeout
                0x000000000800ad8a       0xfe Drivers/STM32F4xx_HAL_Driver/Src/stm32f4xx_hal_i2c.o
 .text.I2C_WaitOnTXEFlagUntilTimeout
                0x000000000800ae88       0x82 Drivers/STM32F4xx_HAL_Driver/Src/stm32f4xx_hal_i2c.o
 .text.I2C_WaitOnBTFFlagUntilTimeout
                0x000000000800af0a       0x82 Drivers/STM32F4xx_HAL_Driver/Src/stm32f4xx_hal_i2c.o
 .text.I2C_IsAcknowledgeFailed
                0x000000000800af8c       0x5e Drivers/STM32F4xx_HAL_Driver/Src/stm32f4xx_hal_i2c.o
 *fill*         0x000000000800afea        0x2 
 .text.HAL_RCC_OscConfig
                0x000000000800afec      0x4e0 Drivers/STM32F4xx_HAL_Driver/Src/stm32f4xx_hal_rcc.o
                0x000000000800afec                HAL_RCC_OscConfig
 .text.HAL_RCC_ClockConfig
                0x000000000800b4cc      0x1cc Drivers/STM32F4xx_HAL_Driver/Src/stm32f4xx_hal_rcc.o
                0x000000000800b4cc                HAL_RCC_ClockConfig
 .text.HAL_RCC_GetSysClockFreq
                0x000000000800b698      0x1b0 Drivers/STM32F4xx_HAL_Driver/Src/stm32f4xx_hal_rcc.o
                0x000000000800b698                HAL_RCC_GetSysClockFreq
 .text.HAL_RCC_GetHCLKFreq
                0x000000000800b848       0x18 Drivers/STM32F4xx_HAL_Driver/Src/stm32f4xx_hal_rcc.o
                0x000000000800b848                HAL_RCC_GetHCLKFreq
 .text.HAL_RCC_GetPCLK1Freq
                0x000000000800b860       0x28 Drivers/STM32F4xx_HAL_Driver/Src/stm32f4xx_hal_rcc.o
                0x000000000800b860                HAL_RCC_GetPCLK1Freq
 .text.HAL_RCC_GetPCLK2Freq
                0x000000000800b888       0x28 Drivers/STM32F4xx_HAL_Driver/Src/stm32f4xx_hal_rcc.o
                0x000000000800b888                HAL_RCC_GetPCLK2Freq
 .text.HAL_UART_Init
                0x000000000800b8b0       0x9a Drivers/STM32F4xx_HAL_Driver/Src/stm32f4xx_hal_uart.o
                0x000000000800b8b0                HAL_UART_Init
 *fill*         0x000000000800b94a        0x2 
 .text.UART_SetConfig
                0x000000000800b94c      0x6f8 Drivers/STM32F4xx_HAL_Driver/Src/stm32f4xx_hal_uart.o
 .text._ZdlPvj  0x000000000800c044        0x4 c:/st/stm32cubeide_1.3.0/stm32cubeide/plugins/com.st.stm32cube.ide.mcu.externaltools.gnu-tools-for-stm32.7-2018-q2-update.win32_1.0.0.201904181610/tools/bin/../lib/gcc/arm-none-eabi/7.3.1/../../../../arm-none-eabi/lib/thumb/v7e-m/fpv4-sp/hard\libstdc++.a(del_ops.o)
                0x000000000800c044                operator delete(void*, unsigned int)
 .text._Znwj    0x000000000800c048       0x3c c:/st/stm32cubeide_1.3.0/stm32cubeide/plugins/com.st.stm32cube.ide.mcu.externaltools.gnu-tools-for-stm32.7-2018-q2-update.win32_1.0.0.201904181610/tools/bin/../lib/gcc/arm-none-eabi/7.3.1/../../../../arm-none-eabi/lib/thumb/v7e-m/fpv4-sp/hard\libstdc++.a(new_op.o)
                0x000000000800c048                operator new(unsigned int)
 .text._ZSt15get_new_handlerv
                0x000000000800c084       0x10 c:/st/stm32cubeide_1.3.0/stm32cubeide/plugins/com.st.stm32cube.ide.mcu.externaltools.gnu-tools-for-stm32.7-2018-q2-update.win32_1.0.0.201904181610/tools/bin/../lib/gcc/arm-none-eabi/7.3.1/../../../../arm-none-eabi/lib/thumb/v7e-m/fpv4-sp/hard\libstdc++.a(new_handler.o)
                0x000000000800c084                std::get_new_handler()
 .text._ZdlPv   0x000000000800c094        0x4 c:/st/stm32cubeide_1.3.0/stm32cubeide/plugins/com.st.stm32cube.ide.mcu.externaltools.gnu-tools-for-stm32.7-2018-q2-update.win32_1.0.0.201904181610/tools/bin/../lib/gcc/arm-none-eabi/7.3.1/../../../../arm-none-eabi/lib/thumb/v7e-m/fpv4-sp/hard\libstdc++.a(del_op.o)
                0x000000000800c094                operator delete(void*)
 .text._ZN12_GLOBAL__N_14pool4freeEPv.constprop.4
                0x000000000800c098       0x90 c:/st/stm32cubeide_1.3.0/stm32cubeide/plugins/com.st.stm32cube.ide.mcu.externaltools.gnu-tools-for-stm32.7-2018-q2-update.win32_1.0.0.201904181610/tools/bin/../lib/gcc/arm-none-eabi/7.3.1/../../../../arm-none-eabi/lib/thumb/v7e-m/fpv4-sp/hard\libstdc++.a(eh_alloc.o)
 .text._ZN12_GLOBAL__N_14pool8allocateEj.constprop.5
                0x000000000800c128       0x64 c:/st/stm32cubeide_1.3.0/stm32cubeide/plugins/com.st.stm32cube.ide.mcu.externaltools.gnu-tools-for-stm32.7-2018-q2-update.win32_1.0.0.201904181610/tools/bin/../lib/gcc/arm-none-eabi/7.3.1/../../../../arm-none-eabi/lib/thumb/v7e-m/fpv4-sp/hard\libstdc++.a(eh_alloc.o)
 .text.__cxa_allocate_exception
                0x000000000800c18c       0x30 c:/st/stm32cubeide_1.3.0/stm32cubeide/plugins/com.st.stm32cube.ide.mcu.externaltools.gnu-tools-for-stm32.7-2018-q2-update.win32_1.0.0.201904181610/tools/bin/../lib/gcc/arm-none-eabi/7.3.1/../../../../arm-none-eabi/lib/thumb/v7e-m/fpv4-sp/hard\libstdc++.a(eh_alloc.o)
                0x000000000800c18c                __cxa_allocate_exception
 .text.__cxa_free_exception
                0x000000000800c1bc       0x20 c:/st/stm32cubeide_1.3.0/stm32cubeide/plugins/com.st.stm32cube.ide.mcu.externaltools.gnu-tools-for-stm32.7-2018-q2-update.win32_1.0.0.201904181610/tools/bin/../lib/gcc/arm-none-eabi/7.3.1/../../../../arm-none-eabi/lib/thumb/v7e-m/fpv4-sp/hard\libstdc++.a(eh_alloc.o)
                0x000000000800c1bc                __cxa_free_exception
 .text.startup._GLOBAL__sub_I__ZN9__gnu_cxx9__freeresEv
                0x000000000800c1dc       0x28 c:/st/stm32cubeide_1.3.0/stm32cubeide/plugins/com.st.stm32cube.ide.mcu.externaltools.gnu-tools-for-stm32.7-2018-q2-update.win32_1.0.0.201904181610/tools/bin/../lib/gcc/arm-none-eabi/7.3.1/../../../../arm-none-eabi/lib/thumb/v7e-m/fpv4-sp/hard\libstdc++.a(eh_alloc.o)
 .text._ZNKSt17bad_function_call4whatEv
                0x000000000800c204        0x8 c:/st/stm32cubeide_1.3.0/stm32cubeide/plugins/com.st.stm32cube.ide.mcu.externaltools.gnu-tools-for-stm32.7-2018-q2-update.win32_1.0.0.201904181610/tools/bin/../lib/gcc/arm-none-eabi/7.3.1/../../../../arm-none-eabi/lib/thumb/v7e-m/fpv4-sp/hard\libstdc++.a(functional.o)
                0x000000000800c204                std::bad_function_call::what() const
 .text._ZNSt17bad_function_callD2Ev
                0x000000000800c20c       0x14 c:/st/stm32cubeide_1.3.0/stm32cubeide/plugins/com.st.stm32cube.ide.mcu.externaltools.gnu-tools-for-stm32.7-2018-q2-update.win32_1.0.0.201904181610/tools/bin/../lib/gcc/arm-none-eabi/7.3.1/../../../../arm-none-eabi/lib/thumb/v7e-m/fpv4-sp/hard\libstdc++.a(functional.o)
                0x000000000800c20c                std::bad_function_call::~bad_function_call()
                0x000000000800c20c                std::bad_function_call::~bad_function_call()
 .text._ZNSt17bad_function_callD0Ev
                0x000000000800c220       0x1c c:/st/stm32cubeide_1.3.0/stm32cubeide/plugins/com.st.stm32cube.ide.mcu.externaltools.gnu-tools-for-stm32.7-2018-q2-update.win32_1.0.0.201904181610/tools/bin/../lib/gcc/arm-none-eabi/7.3.1/../../../../arm-none-eabi/lib/thumb/v7e-m/fpv4-sp/hard\libstdc++.a(functional.o)
                0x000000000800c220                std::bad_function_call::~bad_function_call()
 .text._ZSt25__throw_bad_function_callv
                0x000000000800c23c       0x20 c:/st/stm32cubeide_1.3.0/stm32cubeide/plugins/com.st.stm32cube.ide.mcu.externaltools.gnu-tools-for-stm32.7-2018-q2-update.win32_1.0.0.201904181610/tools/bin/../lib/gcc/arm-none-eabi/7.3.1/../../../../arm-none-eabi/lib/thumb/v7e-m/fpv4-sp/hard\libstdc++.a(functional.o)
                0x000000000800c23c                std::__throw_bad_function_call()
 .text._ZNSt9exceptionD2Ev
                0x000000000800c25c        0x4 c:/st/stm32cubeide_1.3.0/stm32cubeide/plugins/com.st.stm32cube.ide.mcu.externaltools.gnu-tools-for-stm32.7-2018-q2-update.win32_1.0.0.201904181610/tools/bin/../lib/gcc/arm-none-eabi/7.3.1/../../../../arm-none-eabi/lib/thumb/v7e-m/fpv4-sp/hard\libstdc++.a(eh_exception.o)
                0x000000000800c25c                std::exception::~exception()
                0x000000000800c25c                std::exception::~exception()
 .text._ZNSt13bad_exceptionD2Ev
                0x000000000800c260        0x4 c:/st/stm32cubeide_1.3.0/stm32cubeide/plugins/com.st.stm32cube.ide.mcu.externaltools.gnu-tools-for-stm32.7-2018-q2-update.win32_1.0.0.201904181610/tools/bin/../lib/gcc/arm-none-eabi/7.3.1/../../../../arm-none-eabi/lib/thumb/v7e-m/fpv4-sp/hard\libstdc++.a(eh_exception.o)
                0x000000000800c260                std::bad_exception::~bad_exception()
                0x000000000800c260                std::bad_exception::~bad_exception()
 .text._ZNKSt13bad_exception4whatEv
                0x000000000800c264        0x8 c:/st/stm32cubeide_1.3.0/stm32cubeide/plugins/com.st.stm32cube.ide.mcu.externaltools.gnu-tools-for-stm32.7-2018-q2-update.win32_1.0.0.201904181610/tools/bin/../lib/gcc/arm-none-eabi/7.3.1/../../../../arm-none-eabi/lib/thumb/v7e-m/fpv4-sp/hard\libstdc++.a(eh_exception.o)
                0x000000000800c264                std::bad_exception::what() const
                0x000000000800c264                transaction clone for std::bad_exception::what() const
 .text._ZNSt13bad_exceptionD0Ev
                0x000000000800c26c       0x10 c:/st/stm32cubeide_1.3.0/stm32cubeide/plugins/com.st.stm32cube.ide.mcu.externaltools.gnu-tools-for-stm32.7-2018-q2-update.win32_1.0.0.201904181610/tools/bin/../lib/gcc/arm-none-eabi/7.3.1/../../../../arm-none-eabi/lib/thumb/v7e-m/fpv4-sp/hard\libstdc++.a(eh_exception.o)
                0x000000000800c26c                std::bad_exception::~bad_exception()
 .text._ZNKSt9bad_alloc4whatEv
                0x000000000800c27c        0x8 c:/st/stm32cubeide_1.3.0/stm32cubeide/plugins/com.st.stm32cube.ide.mcu.externaltools.gnu-tools-for-stm32.7-2018-q2-update.win32_1.0.0.201904181610/tools/bin/../lib/gcc/arm-none-eabi/7.3.1/../../../../arm-none-eabi/lib/thumb/v7e-m/fpv4-sp/hard\libstdc++.a(bad_alloc.o)
                0x000000000800c27c                std::bad_alloc::what() const
 .text._ZNSt9bad_allocD2Ev
                0x000000000800c284       0x14 c:/st/stm32cubeide_1.3.0/stm32cubeide/plugins/com.st.stm32cube.ide.mcu.externaltools.gnu-tools-for-stm32.7-2018-q2-update.win32_1.0.0.201904181610/tools/bin/../lib/gcc/arm-none-eabi/7.3.1/../../../../arm-none-eabi/lib/thumb/v7e-m/fpv4-sp/hard\libstdc++.a(bad_alloc.o)
                0x000000000800c284                std::bad_alloc::~bad_alloc()
                0x000000000800c284                std::bad_alloc::~bad_alloc()
 .text._ZNSt9bad_allocD0Ev
                0x000000000800c298       0x1c c:/st/stm32cubeide_1.3.0/stm32cubeide/plugins/com.st.stm32cube.ide.mcu.externaltools.gnu-tools-for-stm32.7-2018-q2-update.win32_1.0.0.201904181610/tools/bin/../lib/gcc/arm-none-eabi/7.3.1/../../../../arm-none-eabi/lib/thumb/v7e-m/fpv4-sp/hard\libstdc++.a(bad_alloc.o)
                0x000000000800c298                std::bad_alloc::~bad_alloc()
 .text._ZL23__gxx_exception_cleanup19_Unwind_Reason_CodeP21_Unwind_Control_Block
                0x000000000800c2b4       0x44 c:/st/stm32cubeide_1.3.0/stm32cubeide/plugins/com.st.stm32cube.ide.mcu.externaltools.gnu-tools-for-stm32.7-2018-q2-update.win32_1.0.0.201904181610/tools/bin/../lib/gcc/arm-none-eabi/7.3.1/../../../../arm-none-eabi/lib/thumb/v7e-m/fpv4-sp/hard\libstdc++.a(eh_throw.o)
 .text.__cxa_init_primary_exception
                0x000000000800c2f8       0x58 c:/st/stm32cubeide_1.3.0/stm32cubeide/plugins/com.st.stm32cube.ide.mcu.externaltools.gnu-tools-for-stm32.7-2018-q2-update.win32_1.0.0.201904181610/tools/bin/../lib/gcc/arm-none-eabi/7.3.1/../../../../arm-none-eabi/lib/thumb/v7e-m/fpv4-sp/hard\libstdc++.a(eh_throw.o)
                0x000000000800c2f8                __cxa_init_primary_exception
 .text.__cxa_throw
                0x000000000800c350       0x38 c:/st/stm32cubeide_1.3.0/stm32cubeide/plugins/com.st.stm32cube.ide.mcu.externaltools.gnu-tools-for-stm32.7-2018-q2-update.win32_1.0.0.201904181610/tools/bin/../lib/gcc/arm-none-eabi/7.3.1/../../../../arm-none-eabi/lib/thumb/v7e-m/fpv4-sp/hard\libstdc++.a(eh_throw.o)
                0x000000000800c350                __cxa_throw
 .text.__cxa_rethrow
                0x000000000800c388       0x70 c:/st/stm32cubeide_1.3.0/stm32cubeide/plugins/com.st.stm32cube.ide.mcu.externaltools.gnu-tools-for-stm32.7-2018-q2-update.win32_1.0.0.201904181610/tools/bin/../lib/gcc/arm-none-eabi/7.3.1/../../../../arm-none-eabi/lib/thumb/v7e-m/fpv4-sp/hard\libstdc++.a(eh_throw.o)
                0x000000000800c388                __cxa_rethrow
 .text.__cxa_begin_catch
                0x000000000800c3f8       0x80 c:/st/stm32cubeide_1.3.0/stm32cubeide/plugins/com.st.stm32cube.ide.mcu.externaltools.gnu-tools-for-stm32.7-2018-q2-update.win32_1.0.0.201904181610/tools/bin/../lib/gcc/arm-none-eabi/7.3.1/../../../../arm-none-eabi/lib/thumb/v7e-m/fpv4-sp/hard\libstdc++.a(eh_catch.o)
                0x000000000800c3f8                __cxa_begin_catch
 .text.__cxa_end_catch
                0x000000000800c478       0x88 c:/st/stm32cubeide_1.3.0/stm32cubeide/plugins/com.st.stm32cube.ide.mcu.externaltools.gnu-tools-for-stm32.7-2018-q2-update.win32_1.0.0.201904181610/tools/bin/../lib/gcc/arm-none-eabi/7.3.1/../../../../arm-none-eabi/lib/thumb/v7e-m/fpv4-sp/hard\libstdc++.a(eh_catch.o)
                0x000000000800c478                __cxa_end_catch
 .text._ZNK10__cxxabiv117__class_type_info11__do_upcastEPKS0_PPv
                0x000000000800c500       0x38 c:/st/stm32cubeide_1.3.0/stm32cubeide/plugins/com.st.stm32cube.ide.mcu.externaltools.gnu-tools-for-stm32.7-2018-q2-update.win32_1.0.0.201904181610/tools/bin/../lib/gcc/arm-none-eabi/7.3.1/../../../../arm-none-eabi/lib/thumb/v7e-m/fpv4-sp/hard\libstdc++.a(class_type_info.o)
                0x000000000800c500                __cxxabiv1::__class_type_info::__do_upcast(__cxxabiv1::__class_type_info const*, void**) const
 .text._ZNK10__cxxabiv117__class_type_info20__do_find_public_srcEiPKvPKS0_S2_
                0x000000000800c538        0xc c:/st/stm32cubeide_1.3.0/stm32cubeide/plugins/com.st.stm32cube.ide.mcu.externaltools.gnu-tools-for-stm32.7-2018-q2-update.win32_1.0.0.201904181610/tools/bin/../lib/gcc/arm-none-eabi/7.3.1/../../../../arm-none-eabi/lib/thumb/v7e-m/fpv4-sp/hard\libstdc++.a(class_type_info.o)
                0x000000000800c538                __cxxabiv1::__class_type_info::__do_find_public_src(int, void const*, __cxxabiv1::__class_type_info const*, void const*) const
 .text._ZN10__cxxabiv117__class_type_infoD2Ev
                0x000000000800c544       0x14 c:/st/stm32cubeide_1.3.0/stm32cubeide/plugins/com.st.stm32cube.ide.mcu.externaltools.gnu-tools-for-stm32.7-2018-q2-update.win32_1.0.0.201904181610/tools/bin/../lib/gcc/arm-none-eabi/7.3.1/../../../../arm-none-eabi/lib/thumb/v7e-m/fpv4-sp/hard\libstdc++.a(class_type_info.o)
                0x000000000800c544                __cxxabiv1::__class_type_info::~__class_type_info()
                0x000000000800c544                __cxxabiv1::__class_type_info::~__class_type_info()
 .text._ZN10__cxxabiv117__class_type_infoD0Ev